Info: Starting: Create block symbol file (.bsf)
Info: qsys-generate C:\Sandbox\FPGA_Clean\05_avalon_qsys\Qsys\avalon_design.qsys --block-symbol-file --output-directory=C:\Sandbox\FPGA_Clean\05_avalon_qsys\Qsys\avalon_design --family="MAX 10" --part=10M50DAF484C7G
Progress: Loading Qsys/avalon_design.qsys
Progress: Reading input file
Progress: Adding NIOS_II [altera_nios2_gen2 18.1]
Progress: Parameterizing module NIOS_II
Progress: Adding clk_0 [clock_source 18.1]
Progress: Parameterizing module clk_0
Progress: Adding io_peripherals [subsystemB 1.0]
Progress: Reading input file
Progress: Adding button_pio [altera_avalon_pio 18.1]
Progress: Parameterizing module button_pio
Progress: Adding clock_bridge [altera_clock_bridge 18.1]
Progress: Parameterizing module clock_bridge
Progress: Adding counter [avalon_counter_interface 1.0]
Progress: Parameterizing module counter
Progress: Adding hex_display [avalon_hex_pio 1.0]
Progress: Parameterizing module hex_display
Progress: Adding led_pio [altera_avalon_pio 18.1]
Progress: Parameterizing module led_pio
Progress: Adding peripheral_bridge [altera_avalon_mm_bridge 18.1]
Progress: Parameterizing module peripheral_bridge
Progress: Adding reset_bridge [altera_reset_bridge 18.1]
Progress: Parameterizing module reset_bridge
Progress: Building connections
Progress: Parameterizing connections
Progress: Validating
Progress: Done reading input file
Progress: Parameterizing module io_peripherals
Progress: Adding mem_sys_subsystem [subsystemA 1.0]
Progress: Reading input file
Progress: Adding DEBUG [altera_avalon_jtag_uart 18.1]
Progress: Parameterizing module DEBUG
Progress: Adding SRAM [altera_avalon_onchip_memory2 18.1]
Progress: Parameterizing module SRAM
Progress: Adding SYS_ID [altera_avalon_sysid_qsys 18.1]
Progress: Parameterizing module SYS_ID
Progress: Adding clock_bridge [altera_clock_bridge 18.1]
Progress: Parameterizing module clock_bridge
Progress: Adding reset_bridge [altera_reset_bridge 18.1]
Progress: Parameterizing module reset_bridge
Progress: Building connections
Progress: Parameterizing connections
Progress: Validating
Progress: Done reading input file
Progress: Parameterizing module mem_sys_subsystem
Progress: Building connections
Progress: Parameterizing connections
Progress: Validating
Progress: Done reading input file
Info: avalon_design.io_peripherals.button_pio: PIO inputs are not hardwired in test bench. Undefined values will be read from PIO inputs during simulation.
Info: avalon_design.mem_sys_subsystem.DEBUG: JTAG UART IP input clock need to be at least double (2x) the operating frequency of JTAG TCK on board
Info: avalon_design.mem_sys_subsystem.SYS_ID: System ID is not assigned automatically. Edit the System ID parameter to provide a unique ID
Info: avalon_design.mem_sys_subsystem.SYS_ID: Time stamp will be automatically updated when this component is generated.
Info: qsys-generate succeeded.
Info: Finished: Create block symbol file (.bsf)
Info: 
Info: Starting: Create HDL design files for synthesis
Info: qsys-generate C:\Sandbox\FPGA_Clean\05_avalon_qsys\Qsys\avalon_design.qsys --synthesis=VERILOG --output-directory=C:\Sandbox\FPGA_Clean\05_avalon_qsys\Qsys\avalon_design\synthesis --family="MAX 10" --part=10M50DAF484C7G
Progress: Loading Qsys/avalon_design.qsys
Progress: Reading input file
Progress: Adding NIOS_II [altera_nios2_gen2 18.1]
Progress: Parameterizing module NIOS_II
Progress: Adding clk_0 [clock_source 18.1]
Progress: Parameterizing module clk_0
Progress: Adding io_peripherals [subsystemB 1.0]
Progress: Parameterizing module io_peripherals
Progress: Adding mem_sys_subsystem [subsystemA 1.0]
Progress: Parameterizing module mem_sys_subsystem
Progress: Building connections
Progress: Parameterizing connections
Progress: Validating
Progress: Done reading input file
Info: avalon_design.io_peripherals.button_pio: PIO inputs are not hardwired in test bench. Undefined values will be read from PIO inputs during simulation.
Info: avalon_design.mem_sys_subsystem.DEBUG: JTAG UART IP input clock need to be at least double (2x) the operating frequency of JTAG TCK on board
Info: avalon_design.mem_sys_subsystem.SYS_ID: System ID is not assigned automatically. Edit the System ID parameter to provide a unique ID
Info: avalon_design.mem_sys_subsystem.SYS_ID: Time stamp will be automatically updated when this component is generated.
Info: avalon_design: Generating avalon_design "avalon_design" for QUARTUS_SYNTH
Info: NIOS_II: "avalon_design" instantiated altera_nios2_gen2 "NIOS_II"
Info: io_peripherals: "avalon_design" instantiated subsystemB "io_peripherals"
Info: mem_sys_subsystem: "avalon_design" instantiated subsystemA "mem_sys_subsystem"
Info: avalon_st_adapter: Inserting error_adapter: error_adapter_0
Info: avalon_st_adapter_001: Inserting error_adapter: error_adapter_0
Info: avalon_st_adapter_002: Inserting error_adapter: error_adapter_0
Info: avalon_st_adapter_003: Inserting error_adapter: error_adapter_0
Info: avalon_st_adapter_004: Inserting error_adapter: error_adapter_0
Info: mm_interconnect_0: "avalon_design" instantiated altera_mm_interconnect "mm_interconnect_0"
Info: irq_mapper: "avalon_design" instantiated altera_irq_mapper "irq_mapper"
Info: rst_controller: "avalon_design" instantiated altera_reset_controller "rst_controller"
Info: cpu: Starting RTL generation for module 'avalon_design_NIOS_II_cpu'
Info: cpu:   Generation command is [exec C:/intelFPGA_lite/18.1/quartus/bin64//eperlcmd.exe -I C:/intelFPGA_lite/18.1/quartus/bin64//perl/lib -I C:/intelfpga_lite/18.1/quartus/sopc_builder/bin/europa -I C:/intelfpga_lite/18.1/quartus/sopc_builder/bin/perl_lib -I C:/intelfpga_lite/18.1/quartus/sopc_builder/bin -I C:/intelfpga_lite/18.1/quartus/../ip/altera/nios2_ip/altera_nios2_gen2/cpu_lib -I C:/intelfpga_lite/18.1/quartus/../ip/altera/nios2_ip/altera_nios2_gen2/nios_lib -I C:/intelfpga_lite/18.1/quartus/../ip/altera/nios2_ip/altera_nios2_gen2 -I C:/intelfpga_lite/18.1/quartus/../ip/altera/nios2_ip/altera_nios2_gen2 -- C:/intelfpga_lite/18.1/quartus/../ip/altera/nios2_ip/altera_nios2_gen2/generate_rtl.epl --name=avalon_design_NIOS_II_cpu --dir=C:/Users/prate/AppData/Local/Temp/alt0516_6808620078084503871.dir/0007_cpu_gen/ --quartus_bindir=C:/intelFPGA_lite/18.1/quartus/bin64/ --verilog --config=C:/Users/prate/AppData/Local/Temp/alt0516_6808620078084503871.dir/0007_cpu_gen//avalon_design_NIOS_II_cpu_processor_configuration.pl  --do_build_sim=0  ]
Info: cpu: # 2026.03.04 19:42:03 (*) Starting Nios II generation
Info: cpu: # 2026.03.04 19:42:03 (*)   Checking for plaintext license.
Info: cpu: # 2026.03.04 19:42:03 (*)   Couldn't query license setup in Quartus directory C:/intelFPGA_lite/18.1/quartus/bin64/
Info: cpu: # 2026.03.04 19:42:03 (*)   Defaulting to contents of LM_LICENSE_FILE environment variable
Info: cpu: # 2026.03.04 19:42:03 (*)   LM_LICENSE_FILE environment variable is empty
Info: cpu: # 2026.03.04 19:42:03 (*)   Plaintext license not found.
Info: cpu: # 2026.03.04 19:42:03 (*)   Checking for encrypted license (non-evaluation).
Info: cpu: # 2026.03.04 19:42:03 (*)   Couldn't query license setup in Quartus directory C:/intelFPGA_lite/18.1/quartus/bin64/
Info: cpu: # 2026.03.04 19:42:03 (*)   Defaulting to contents of LM_LICENSE_FILE environment variable
Info: cpu: # 2026.03.04 19:42:03 (*)   LM_LICENSE_FILE environment variable is empty
Info: cpu: # 2026.03.04 19:42:03 (*)   Encrypted license not found.  Defaulting to OCP evaluation license (produces a time-limited SOF)
Info: cpu: # 2026.03.04 19:42:03 (*)   Elaborating CPU configuration settings
Info: cpu: # 2026.03.04 19:42:03 (*)   Creating all objects for CPU
Info: cpu: # 2026.03.04 19:42:03 (*)     Testbench
Info: cpu: # 2026.03.04 19:42:03 (*)     Instruction decoding
Info: cpu: # 2026.03.04 19:42:03 (*)       Instruction fields
Info: cpu: # 2026.03.04 19:42:03 (*)       Instruction decodes
Info: cpu: # 2026.03.04 19:42:04 (*)       Signals for RTL simulation waveforms
Info: cpu: # 2026.03.04 19:42:04 (*)       Instruction controls
Info: cpu: # 2026.03.04 19:42:04 (*)     Pipeline frontend
Info: cpu: # 2026.03.04 19:42:04 (*)     Pipeline backend
Info: cpu: # 2026.03.04 19:42:05 (*)   Generating RTL from CPU objects
Info: cpu: # 2026.03.04 19:42:05 (*)   Creating encrypted RTL
Info: cpu: # 2026.03.04 19:42:06 (*) Done Nios II generation
Info: cpu: Done RTL generation for module 'avalon_design_NIOS_II_cpu'
Info: cpu: "NIOS_II" instantiated altera_nios2_gen2_unit "cpu"
Info: button_pio: Starting RTL generation for module 'avalon_design_io_peripherals_button_pio'
Info: button_pio:   Generation command is [exec C:/intelfpga_lite/18.1/quartus/bin64/perl/bin/perl.exe -I C:/intelfpga_lite/18.1/quartus/bin64/perl/lib -I C:/intelfpga_lite/18.1/quartus/sopc_builder/bin/europa -I C:/intelfpga_lite/18.1/quartus/sopc_builder/bin/perl_lib -I C:/intelfpga_lite/18.1/quartus/sopc_builder/bin -I C:/intelfpga_lite/18.1/quartus/../ip/altera/sopc_builder_ip/common -I C:/intelfpga_lite/18.1/quartus/../ip/altera/sopc_builder_ip/altera_avalon_pio -- C:/intelfpga_lite/18.1/quartus/../ip/altera/sopc_builder_ip/altera_avalon_pio/generate_rtl.pl --name=avalon_design_io_peripherals_button_pio --dir=C:/Users/prate/AppData/Local/Temp/alt0516_6808620078084503871.dir/0008_button_pio_gen/ --quartus_dir=C:/intelfpga_lite/18.1/quartus --verilog --config=C:/Users/prate/AppData/Local/Temp/alt0516_6808620078084503871.dir/0008_button_pio_gen//avalon_design_io_peripherals_button_pio_component_configuration.pl  --do_build_sim=0  ]
Info: button_pio: Done RTL generation for module 'avalon_design_io_peripherals_button_pio'
Info: button_pio: "io_peripherals" instantiated altera_avalon_pio "button_pio"
Info: counter: "io_peripherals" instantiated avalon_counter_interface "counter"
Info: hex_display: "io_peripherals" instantiated avalon_hex_pio "hex_display"
Info: led_pio: Starting RTL generation for module 'avalon_design_io_peripherals_led_pio'
Info: led_pio:   Generation command is [exec C:/intelfpga_lite/18.1/quartus/bin64/perl/bin/perl.exe -I C:/intelfpga_lite/18.1/quartus/bin64/perl/lib -I C:/intelfpga_lite/18.1/quartus/sopc_builder/bin/europa -I C:/intelfpga_lite/18.1/quartus/sopc_builder/bin/perl_lib -I C:/intelfpga_lite/18.1/quartus/sopc_builder/bin -I C:/intelfpga_lite/18.1/quartus/../ip/altera/sopc_builder_ip/common -I C:/intelfpga_lite/18.1/quartus/../ip/altera/sopc_builder_ip/altera_avalon_pio -- C:/intelfpga_lite/18.1/quartus/../ip/altera/sopc_builder_ip/altera_avalon_pio/generate_rtl.pl --name=avalon_design_io_peripherals_led_pio --dir=C:/Users/prate/AppData/Local/Temp/alt0516_6808620078084503871.dir/0011_led_pio_gen/ --quartus_dir=C:/intelfpga_lite/18.1/quartus --verilog --config=C:/Users/prate/AppData/Local/Temp/alt0516_6808620078084503871.dir/0011_led_pio_gen//avalon_design_io_peripherals_led_pio_component_configuration.pl  --do_build_sim=0  ]
Info: led_pio: Done RTL generation for module 'avalon_design_io_peripherals_led_pio'
Info: led_pio: "io_peripherals" instantiated altera_avalon_pio "led_pio"
Info: peripheral_bridge: "io_peripherals" instantiated altera_avalon_mm_bridge "peripheral_bridge"
Info: avalon_st_adapter: Inserting error_adapter: error_adapter_0
Info: avalon_st_adapter_001: Inserting error_adapter: error_adapter_0
Info: avalon_st_adapter_002: Inserting error_adapter: error_adapter_0
Info: avalon_st_adapter_003: Inserting error_adapter: error_adapter_0
Info: mm_interconnect_0: "io_peripherals" instantiated altera_mm_interconnect "mm_interconnect_0"
Info: DEBUG: Starting RTL generation for module 'avalon_design_mem_sys_subsystem_DEBUG'
Info: DEBUG:   Generation command is [exec C:/intelfpga_lite/18.1/quartus/bin64/perl/bin/perl.exe -I C:/intelfpga_lite/18.1/quartus/bin64/perl/lib -I C:/intelfpga_lite/18.1/quartus/sopc_builder/bin/europa -I C:/intelfpga_lite/18.1/quartus/sopc_builder/bin/perl_lib -I C:/intelfpga_lite/18.1/quartus/sopc_builder/bin -I C:/intelfpga_lite/18.1/quartus/../ip/altera/sopc_builder_ip/common -I C:/intelfpga_lite/18.1/quartus/../ip/altera/sopc_builder_ip/altera_avalon_jtag_uart -- C:/intelfpga_lite/18.1/quartus/../ip/altera/sopc_builder_ip/altera_avalon_jtag_uart/generate_rtl.pl --name=avalon_design_mem_sys_subsystem_DEBUG --dir=C:/Users/prate/AppData/Local/Temp/alt0516_6808620078084503871.dir/0013_DEBUG_gen/ --quartus_dir=C:/intelfpga_lite/18.1/quartus --verilog --config=C:/Users/prate/AppData/Local/Temp/alt0516_6808620078084503871.dir/0013_DEBUG_gen//avalon_design_mem_sys_subsystem_DEBUG_component_configuration.pl  --do_build_sim=0  ]
Info: DEBUG: Done RTL generation for module 'avalon_design_mem_sys_subsystem_DEBUG'
Info: DEBUG: "mem_sys_subsystem" instantiated altera_avalon_jtag_uart "DEBUG"
Info: SRAM: Starting RTL generation for module 'avalon_design_mem_sys_subsystem_SRAM'
Info: SRAM:   Generation command is [exec C:/intelfpga_lite/18.1/quartus/bin64/perl/bin/perl.exe -I C:/intelfpga_lite/18.1/quartus/bin64/perl/lib -I C:/intelfpga_lite/18.1/quartus/sopc_builder/bin/europa -I C:/intelfpga_lite/18.1/quartus/sopc_builder/bin/perl_lib -I C:/intelfpga_lite/18.1/quartus/sopc_builder/bin -I C:/intelfpga_lite/18.1/quartus/../ip/altera/sopc_builder_ip/common -I C:/intelfpga_lite/18.1/quartus/../ip/altera/sopc_builder_ip/altera_avalon_onchip_memory2 -- C:/intelfpga_lite/18.1/quartus/../ip/altera/sopc_builder_ip/altera_avalon_onchip_memory2/generate_rtl.pl --name=avalon_design_mem_sys_subsystem_SRAM --dir=C:/Users/prate/AppData/Local/Temp/alt0516_6808620078084503871.dir/0014_SRAM_gen/ --quartus_dir=C:/intelfpga_lite/18.1/quartus --verilog --config=C:/Users/prate/AppData/Local/Temp/alt0516_6808620078084503871.dir/0014_SRAM_gen//avalon_design_mem_sys_subsystem_SRAM_component_configuration.pl  --do_build_sim=0  ]
Info: SRAM: Done RTL generation for module 'avalon_design_mem_sys_subsystem_SRAM'
Info: SRAM: "mem_sys_subsystem" instantiated altera_avalon_onchip_memory2 "SRAM"
Info: SYS_ID: "mem_sys_subsystem" instantiated altera_avalon_sysid_qsys "SYS_ID"
Info: NIOS_II_data_master_translator: "mm_interconnect_0" instantiated altera_merlin_master_translator "NIOS_II_data_master_translator"
Info: mem_sys_subsystem_DEBUG_avalon_jtag_slave_translator: "mm_interconnect_0" instantiated altera_merlin_slave_translator "mem_sys_subsystem_DEBUG_avalon_jtag_slave_translator"
Info: NIOS_II_data_master_agent: "mm_interconnect_0" instantiated altera_merlin_master_agent "NIOS_II_data_master_agent"
Info: mem_sys_subsystem_DEBUG_avalon_jtag_slave_agent: "mm_interconnect_0" instantiated altera_merlin_slave_agent "mem_sys_subsystem_DEBUG_avalon_jtag_slave_agent"
Info: mem_sys_subsystem_DEBUG_avalon_jtag_slave_agent_rsp_fifo: "mm_interconnect_0" instantiated altera_avalon_sc_fifo "mem_sys_subsystem_DEBUG_avalon_jtag_slave_agent_rsp_fifo"
Info: router: "mm_interconnect_0" instantiated altera_merlin_router "router"
Info: router_001: "mm_interconnect_0" instantiated altera_merlin_router "router_001"
Info: router_002: "mm_interconnect_0" instantiated altera_merlin_router "router_002"
Info: router_003: "mm_interconnect_0" instantiated altera_merlin_router "router_003"
Info: NIOS_II_data_master_limiter: "mm_interconnect_0" instantiated altera_merlin_traffic_limiter "NIOS_II_data_master_limiter"
Info: Reusing file C:/Sandbox/FPGA_Clean/05_avalon_qsys/Qsys/avalon_design/synthesis/submodules/altera_avalon_sc_fifo.v
Info: cmd_demux: "mm_interconnect_0" instantiated altera_merlin_demultiplexer "cmd_demux"
Info: cmd_demux_001: "mm_interconnect_0" instantiated altera_merlin_demultiplexer "cmd_demux_001"
Info: cmd_mux: "mm_interconnect_0" instantiated altera_merlin_multiplexer "cmd_mux"
Info: cmd_mux_001: "mm_interconnect_0" instantiated altera_merlin_multiplexer "cmd_mux_001"
Info: Reusing file C:/Sandbox/FPGA_Clean/05_avalon_qsys/Qsys/avalon_design/synthesis/submodules/altera_merlin_arbitrator.sv
Info: rsp_demux: "mm_interconnect_0" instantiated altera_merlin_demultiplexer "rsp_demux"
Info: rsp_demux_001: "mm_interconnect_0" instantiated altera_merlin_demultiplexer "rsp_demux_001"
Info: rsp_mux: "mm_interconnect_0" instantiated altera_merlin_multiplexer "rsp_mux"
Info: Reusing file C:/Sandbox/FPGA_Clean/05_avalon_qsys/Qsys/avalon_design/synthesis/submodules/altera_merlin_arbitrator.sv
Info: rsp_mux_001: "mm_interconnect_0" instantiated altera_merlin_multiplexer "rsp_mux_001"
Info: Reusing file C:/Sandbox/FPGA_Clean/05_avalon_qsys/Qsys/avalon_design/synthesis/submodules/altera_merlin_arbitrator.sv
Info: avalon_st_adapter: "mm_interconnect_0" instantiated altera_avalon_st_adapter "avalon_st_adapter"
Info: router: "mm_interconnect_0" instantiated altera_merlin_router "router"
Info: router_001: "mm_interconnect_0" instantiated altera_merlin_router "router_001"
Info: cmd_demux: "mm_interconnect_0" instantiated altera_merlin_demultiplexer "cmd_demux"
Info: cmd_mux: "mm_interconnect_0" instantiated altera_merlin_multiplexer "cmd_mux"
Info: Reusing file C:/Sandbox/FPGA_Clean/05_avalon_qsys/Qsys/avalon_design/synthesis/submodules/altera_merlin_arbitrator.sv
Info: rsp_demux: "mm_interconnect_0" instantiated altera_merlin_demultiplexer "rsp_demux"
Info: rsp_mux: "mm_interconnect_0" instantiated altera_merlin_multiplexer "rsp_mux"
Info: Reusing file C:/Sandbox/FPGA_Clean/05_avalon_qsys/Qsys/avalon_design/synthesis/submodules/altera_merlin_arbitrator.sv
Info: error_adapter_0: "avalon_st_adapter" instantiated error_adapter "error_adapter_0"
Info: avalon_design: Done "avalon_design" with 43 modules, 62 files
Info: qsys-generate succeeded.
Info: Finished: Create HDL design files for synthesis
