Info: Starting: Create block symbol file (.bsf)
Info: qsys-generate C:\Sandbox\FPGA_Clean\03_nios_processor\Qsys\nios_interface.qsys --block-symbol-file --output-directory=C:\Sandbox\FPGA_Clean\03_nios_processor\Qsys\nios_interface --family="MAX 10" --part=10M50DAF484C7G
Progress: Loading Qsys/nios_interface.qsys
Progress: Reading input file
Progress: Adding DEBUG [altera_avalon_jtag_uart 18.1]
Progress: Parameterizing module DEBUG
Progress: Adding NIOS_II [altera_nios2_gen2 18.1]
Progress: Parameterizing module NIOS_II
Progress: Adding SRAM [altera_avalon_onchip_memory2 18.1]
Progress: Parameterizing module SRAM
Progress: Adding SYS_ID [altera_avalon_sysid_qsys 18.1]
Progress: Parameterizing module SYS_ID
Progress: Adding button_pio [altera_avalon_pio 18.1]
Progress: Parameterizing module button_pio
Progress: Adding clk_0 [clock_source 18.1]
Progress: Parameterizing module clk_0
Progress: Adding led_pio [altera_avalon_pio 18.1]
Progress: Parameterizing module led_pio
Progress: Adding peripheral_bridge [altera_avalon_mm_bridge 18.1]
Progress: Parameterizing module peripheral_bridge
Progress: Building connections
Progress: Parameterizing connections
Progress: Validating
Progress: Done reading input file
Info: nios_interface.DEBUG: JTAG UART IP input clock need to be at least double (2x) the operating frequency of JTAG TCK on board
Info: nios_interface.SYS_ID: System ID is not assigned automatically. Edit the System ID parameter to provide a unique ID
Info: nios_interface.SYS_ID: Time stamp will be automatically updated when this component is generated.
Info: nios_interface.button_pio: PIO inputs are not hardwired in test bench. Undefined values will be read from PIO inputs during simulation.
Info: qsys-generate succeeded.
Info: Finished: Create block symbol file (.bsf)
Info: 
Info: Starting: Create HDL design files for synthesis
Info: qsys-generate C:\Sandbox\FPGA_Clean\03_nios_processor\Qsys\nios_interface.qsys --synthesis=VERILOG --output-directory=C:\Sandbox\FPGA_Clean\03_nios_processor\Qsys\nios_interface\synthesis --family="MAX 10" --part=10M50DAF484C7G
Progress: Loading Qsys/nios_interface.qsys
Progress: Reading input file
Progress: Adding DEBUG [altera_avalon_jtag_uart 18.1]
Progress: Parameterizing module DEBUG
Progress: Adding NIOS_II [altera_nios2_gen2 18.1]
Progress: Parameterizing module NIOS_II
Progress: Adding SRAM [altera_avalon_onchip_memory2 18.1]
Progress: Parameterizing module SRAM
Progress: Adding SYS_ID [altera_avalon_sysid_qsys 18.1]
Progress: Parameterizing module SYS_ID
Progress: Adding button_pio [altera_avalon_pio 18.1]
Progress: Parameterizing module button_pio
Progress: Adding clk_0 [clock_source 18.1]
Progress: Parameterizing module clk_0
Progress: Adding led_pio [altera_avalon_pio 18.1]
Progress: Parameterizing module led_pio
Progress: Adding peripheral_bridge [altera_avalon_mm_bridge 18.1]
Progress: Parameterizing module peripheral_bridge
Progress: Building connections
Progress: Parameterizing connections
Progress: Validating
Progress: Done reading input file
Info: nios_interface.DEBUG: JTAG UART IP input clock need to be at least double (2x) the operating frequency of JTAG TCK on board
Info: nios_interface.SYS_ID: System ID is not assigned automatically. Edit the System ID parameter to provide a unique ID
Info: nios_interface.SYS_ID: Time stamp will be automatically updated when this component is generated.
Info: nios_interface.button_pio: PIO inputs are not hardwired in test bench. Undefined values will be read from PIO inputs during simulation.
Info: nios_interface: Generating nios_interface "nios_interface" for QUARTUS_SYNTH
Info: DEBUG: Starting RTL generation for module 'nios_interface_DEBUG'
Info: DEBUG:   Generation command is [exec C:/intelfpga_lite/18.1/quartus/bin64/perl/bin/perl.exe -I C:/intelfpga_lite/18.1/quartus/bin64/perl/lib -I C:/intelfpga_lite/18.1/quartus/sopc_builder/bin/europa -I C:/intelfpga_lite/18.1/quartus/sopc_builder/bin/perl_lib -I C:/intelfpga_lite/18.1/quartus/sopc_builder/bin -I C:/intelfpga_lite/18.1/quartus/../ip/altera/sopc_builder_ip/common -I C:/intelfpga_lite/18.1/quartus/../ip/altera/sopc_builder_ip/altera_avalon_jtag_uart -- C:/intelfpga_lite/18.1/quartus/../ip/altera/sopc_builder_ip/altera_avalon_jtag_uart/generate_rtl.pl --name=nios_interface_DEBUG --dir=C:/Users/prate/AppData/Local/Temp/alt0516_2748004676333250694.dir/0002_DEBUG_gen/ --quartus_dir=C:/intelfpga_lite/18.1/quartus --verilog --config=C:/Users/prate/AppData/Local/Temp/alt0516_2748004676333250694.dir/0002_DEBUG_gen//nios_interface_DEBUG_component_configuration.pl  --do_build_sim=0  ]
Info: DEBUG: Done RTL generation for module 'nios_interface_DEBUG'
Info: DEBUG: "nios_interface" instantiated altera_avalon_jtag_uart "DEBUG"
Info: NIOS_II: "nios_interface" instantiated altera_nios2_gen2 "NIOS_II"
Info: SRAM: Starting RTL generation for module 'nios_interface_SRAM'
Info: SRAM:   Generation command is [exec C:/intelfpga_lite/18.1/quartus/bin64/perl/bin/perl.exe -I C:/intelfpga_lite/18.1/quartus/bin64/perl/lib -I C:/intelfpga_lite/18.1/quartus/sopc_builder/bin/europa -I C:/intelfpga_lite/18.1/quartus/sopc_builder/bin/perl_lib -I C:/intelfpga_lite/18.1/quartus/sopc_builder/bin -I C:/intelfpga_lite/18.1/quartus/../ip/altera/sopc_builder_ip/common -I C:/intelfpga_lite/18.1/quartus/../ip/altera/sopc_builder_ip/altera_avalon_onchip_memory2 -- C:/intelfpga_lite/18.1/quartus/../ip/altera/sopc_builder_ip/altera_avalon_onchip_memory2/generate_rtl.pl --name=nios_interface_SRAM --dir=C:/Users/prate/AppData/Local/Temp/alt0516_2748004676333250694.dir/0003_SRAM_gen/ --quartus_dir=C:/intelfpga_lite/18.1/quartus --verilog --config=C:/Users/prate/AppData/Local/Temp/alt0516_2748004676333250694.dir/0003_SRAM_gen//nios_interface_SRAM_component_configuration.pl  --do_build_sim=0  ]
Info: SRAM: Done RTL generation for module 'nios_interface_SRAM'
Info: SRAM: "nios_interface" instantiated altera_avalon_onchip_memory2 "SRAM"
Info: SYS_ID: "nios_interface" instantiated altera_avalon_sysid_qsys "SYS_ID"
Info: button_pio: Starting RTL generation for module 'nios_interface_button_pio'
Info: button_pio:   Generation command is [exec C:/intelfpga_lite/18.1/quartus/bin64/perl/bin/perl.exe -I C:/intelfpga_lite/18.1/quartus/bin64/perl/lib -I C:/intelfpga_lite/18.1/quartus/sopc_builder/bin/europa -I C:/intelfpga_lite/18.1/quartus/sopc_builder/bin/perl_lib -I C:/intelfpga_lite/18.1/quartus/sopc_builder/bin -I C:/intelfpga_lite/18.1/quartus/../ip/altera/sopc_builder_ip/common -I C:/intelfpga_lite/18.1/quartus/../ip/altera/sopc_builder_ip/altera_avalon_pio -- C:/intelfpga_lite/18.1/quartus/../ip/altera/sopc_builder_ip/altera_avalon_pio/generate_rtl.pl --name=nios_interface_button_pio --dir=C:/Users/prate/AppData/Local/Temp/alt0516_2748004676333250694.dir/0005_button_pio_gen/ --quartus_dir=C:/intelfpga_lite/18.1/quartus --verilog --config=C:/Users/prate/AppData/Local/Temp/alt0516_2748004676333250694.dir/0005_button_pio_gen//nios_interface_button_pio_component_configuration.pl  --do_build_sim=0  ]
Info: button_pio: Done RTL generation for module 'nios_interface_button_pio'
Info: button_pio: "nios_interface" instantiated altera_avalon_pio "button_pio"
Info: led_pio: Starting RTL generation for module 'nios_interface_led_pio'
Info: led_pio:   Generation command is [exec C:/intelfpga_lite/18.1/quartus/bin64/perl/bin/perl.exe -I C:/intelfpga_lite/18.1/quartus/bin64/perl/lib -I C:/intelfpga_lite/18.1/quartus/sopc_builder/bin/europa -I C:/intelfpga_lite/18.1/quartus/sopc_builder/bin/perl_lib -I C:/intelfpga_lite/18.1/quartus/sopc_builder/bin -I C:/intelfpga_lite/18.1/quartus/../ip/altera/sopc_builder_ip/common -I C:/intelfpga_lite/18.1/quartus/../ip/altera/sopc_builder_ip/altera_avalon_pio -- C:/intelfpga_lite/18.1/quartus/../ip/altera/sopc_builder_ip/altera_avalon_pio/generate_rtl.pl --name=nios_interface_led_pio --dir=C:/Users/prate/AppData/Local/Temp/alt0516_2748004676333250694.dir/0006_led_pio_gen/ --quartus_dir=C:/intelfpga_lite/18.1/quartus --verilog --config=C:/Users/prate/AppData/Local/Temp/alt0516_2748004676333250694.dir/0006_led_pio_gen//nios_interface_led_pio_component_configuration.pl  --do_build_sim=0  ]
Info: led_pio: Done RTL generation for module 'nios_interface_led_pio'
Info: led_pio: "nios_interface" instantiated altera_avalon_pio "led_pio"
Info: peripheral_bridge: "nios_interface" instantiated altera_avalon_mm_bridge "peripheral_bridge"
Info: avalon_st_adapter: Inserting error_adapter: error_adapter_0
Info: avalon_st_adapter_001: Inserting error_adapter: error_adapter_0
Info: avalon_st_adapter_002: Inserting error_adapter: error_adapter_0
Info: avalon_st_adapter_003: Inserting error_adapter: error_adapter_0
Info: avalon_st_adapter_004: Inserting error_adapter: error_adapter_0
Info: mm_interconnect_0: "nios_interface" instantiated altera_mm_interconnect "mm_interconnect_0"
Info: avalon_st_adapter: Inserting error_adapter: error_adapter_0
Info: avalon_st_adapter_001: Inserting error_adapter: error_adapter_0
Info: mm_interconnect_1: "nios_interface" instantiated altera_mm_interconnect "mm_interconnect_1"
Info: irq_mapper: "nios_interface" instantiated altera_irq_mapper "irq_mapper"
Info: rst_controller: "nios_interface" instantiated altera_reset_controller "rst_controller"
Info: cpu: Starting RTL generation for module 'nios_interface_NIOS_II_cpu'
Info: cpu:   Generation command is [exec C:/intelFPGA_lite/18.1/quartus/bin64//eperlcmd.exe -I C:/intelFPGA_lite/18.1/quartus/bin64//perl/lib -I C:/intelfpga_lite/18.1/quartus/sopc_builder/bin/europa -I C:/intelfpga_lite/18.1/quartus/sopc_builder/bin/perl_lib -I C:/intelfpga_lite/18.1/quartus/sopc_builder/bin -I C:/intelfpga_lite/18.1/quartus/../ip/altera/nios2_ip/altera_nios2_gen2/cpu_lib -I C:/intelfpga_lite/18.1/quartus/../ip/altera/nios2_ip/altera_nios2_gen2/nios_lib -I C:/intelfpga_lite/18.1/quartus/../ip/altera/nios2_ip/altera_nios2_gen2 -I C:/intelfpga_lite/18.1/quartus/../ip/altera/nios2_ip/altera_nios2_gen2 -- C:/intelfpga_lite/18.1/quartus/../ip/altera/nios2_ip/altera_nios2_gen2/generate_rtl.epl --name=nios_interface_NIOS_II_cpu --dir=C:/Users/prate/AppData/Local/Temp/alt0516_2748004676333250694.dir/0010_cpu_gen/ --quartus_bindir=C:/intelFPGA_lite/18.1/quartus/bin64/ --verilog --config=C:/Users/prate/AppData/Local/Temp/alt0516_2748004676333250694.dir/0010_cpu_gen//nios_interface_NIOS_II_cpu_processor_configuration.pl  --do_build_sim=0  ]
Info: cpu: # 2026.03.04 17:01:47 (*) Starting Nios II generation
Info: cpu: # 2026.03.04 17:01:47 (*)   Checking for plaintext license.
Info: cpu: # 2026.03.04 17:01:47 (*)   Couldn't query license setup in Quartus directory C:/intelFPGA_lite/18.1/quartus/bin64/
Info: cpu: # 2026.03.04 17:01:47 (*)   Defaulting to contents of LM_LICENSE_FILE environment variable
Info: cpu: # 2026.03.04 17:01:47 (*)   LM_LICENSE_FILE environment variable is empty
Info: cpu: # 2026.03.04 17:01:47 (*)   Plaintext license not found.
Info: cpu: # 2026.03.04 17:01:47 (*)   No license required to generate encrypted Nios II/e.
Info: cpu: # 2026.03.04 17:01:47 (*)   Elaborating CPU configuration settings
Info: cpu: # 2026.03.04 17:01:47 (*)   Creating all objects for CPU
Info: cpu: # 2026.03.04 17:01:48 (*)   Generating RTL from CPU objects
Info: cpu: # 2026.03.04 17:01:48 (*)   Creating plain-text RTL
Info: cpu: # 2026.03.04 17:01:48 (*) Done Nios II generation
Info: cpu: Done RTL generation for module 'nios_interface_NIOS_II_cpu'
Info: cpu: "NIOS_II" instantiated altera_nios2_gen2_unit "cpu"
Info: NIOS_II_data_master_translator: "mm_interconnect_0" instantiated altera_merlin_master_translator "NIOS_II_data_master_translator"
Info: DEBUG_avalon_jtag_slave_translator: "mm_interconnect_0" instantiated altera_merlin_slave_translator "DEBUG_avalon_jtag_slave_translator"
Info: NIOS_II_data_master_agent: "mm_interconnect_0" instantiated altera_merlin_master_agent "NIOS_II_data_master_agent"
Info: DEBUG_avalon_jtag_slave_agent: "mm_interconnect_0" instantiated altera_merlin_slave_agent "DEBUG_avalon_jtag_slave_agent"
Info: DEBUG_avalon_jtag_slave_agent_rsp_fifo: "mm_interconnect_0" instantiated altera_avalon_sc_fifo "DEBUG_avalon_jtag_slave_agent_rsp_fifo"
Info: router: "mm_interconnect_0" instantiated altera_merlin_router "router"
Info: router_001: "mm_interconnect_0" instantiated altera_merlin_router "router_001"
Info: router_002: "mm_interconnect_0" instantiated altera_merlin_router "router_002"
Info: router_004: "mm_interconnect_0" instantiated altera_merlin_router "router_004"
Info: cmd_demux: "mm_interconnect_0" instantiated altera_merlin_demultiplexer "cmd_demux"
Info: cmd_demux_001: "mm_interconnect_0" instantiated altera_merlin_demultiplexer "cmd_demux_001"
Info: cmd_mux: "mm_interconnect_0" instantiated altera_merlin_multiplexer "cmd_mux"
Info: cmd_mux_002: "mm_interconnect_0" instantiated altera_merlin_multiplexer "cmd_mux_002"
Info: Reusing file C:/Sandbox/FPGA_Clean/03_nios_processor/Qsys/nios_interface/synthesis/submodules/altera_merlin_arbitrator.sv
Info: rsp_demux: "mm_interconnect_0" instantiated altera_merlin_demultiplexer "rsp_demux"
Info: rsp_mux: "mm_interconnect_0" instantiated altera_merlin_multiplexer "rsp_mux"
Info: Reusing file C:/Sandbox/FPGA_Clean/03_nios_processor/Qsys/nios_interface/synthesis/submodules/altera_merlin_arbitrator.sv
Info: rsp_mux_001: "mm_interconnect_0" instantiated altera_merlin_multiplexer "rsp_mux_001"
Info: Reusing file C:/Sandbox/FPGA_Clean/03_nios_processor/Qsys/nios_interface/synthesis/submodules/altera_merlin_arbitrator.sv
Info: avalon_st_adapter: "mm_interconnect_0" instantiated altera_avalon_st_adapter "avalon_st_adapter"
Info: router: "mm_interconnect_1" instantiated altera_merlin_router "router"
Info: router_001: "mm_interconnect_1" instantiated altera_merlin_router "router_001"
Info: peripheral_bridge_m0_limiter: "mm_interconnect_1" instantiated altera_merlin_traffic_limiter "peripheral_bridge_m0_limiter"
Info: Reusing file C:/Sandbox/FPGA_Clean/03_nios_processor/Qsys/nios_interface/synthesis/submodules/altera_avalon_sc_fifo.v
Info: cmd_demux: "mm_interconnect_1" instantiated altera_merlin_demultiplexer "cmd_demux"
Info: cmd_mux: "mm_interconnect_1" instantiated altera_merlin_multiplexer "cmd_mux"
Info: Reusing file C:/Sandbox/FPGA_Clean/03_nios_processor/Qsys/nios_interface/synthesis/submodules/altera_merlin_arbitrator.sv
Info: rsp_demux: "mm_interconnect_1" instantiated altera_merlin_demultiplexer "rsp_demux"
Info: rsp_mux: "mm_interconnect_1" instantiated altera_merlin_multiplexer "rsp_mux"
Info: Reusing file C:/Sandbox/FPGA_Clean/03_nios_processor/Qsys/nios_interface/synthesis/submodules/altera_merlin_arbitrator.sv
Info: error_adapter_0: "avalon_st_adapter" instantiated error_adapter "error_adapter_0"
Info: nios_interface: Done "nios_interface" with 38 modules, 52 files
Info: qsys-generate succeeded.
Info: Finished: Create HDL design files for synthesis
