Info: Starting: Create block symbol file (.bsf)
Info: qsys-generate C:\Sandbox\FPGA_Clean\06_math_qsys\Qsys\avalon_design.qsys --block-symbol-file --output-directory=C:\Sandbox\FPGA_Clean\06_math_qsys\Qsys\avalon_design --family="MAX 10" --part=10M50DAF484C7G
Progress: Loading Qsys/avalon_design.qsys
Progress: Reading input file
Progress: Adding DEBUG [altera_avalon_jtag_uart 18.1]
Progress: Parameterizing module DEBUG
Progress: Adding DSP_NIOS [subsystemB 1.0]
Progress: Reading input file
Progress: Adding FFT_IP [altera_fft_ii 18.1]
Progress: Parameterizing module FFT_IP
Progress: Adding FIFO_IN [altera_avalon_fifo 18.1]
Progress: Parameterizing module FIFO_IN
Progress: Adding FIFO_OUT [altera_avalon_fifo 18.1]
Progress: Parameterizing module FIFO_OUT
Progress: Adding clock_bridge [altera_clock_bridge 18.1]
Progress: Parameterizing module clock_bridge
Progress: Adding peripheral_bridge [altera_avalon_mm_bridge 18.1]
Progress: Parameterizing module peripheral_bridge
Progress: Adding reset_bridge [altera_reset_bridge 18.1]
Progress: Parameterizing module reset_bridge
Progress: Building connections
Progress: Parameterizing connections
Progress: Validating
Progress: Done reading input file
Progress: Parameterizing module DSP_NIOS
Progress: Adding FLASH_MEM [altera_onchip_flash 18.1]
Progress: Parameterizing module FLASH_MEM
Progress: Adding FPU [altera_nios_custom_instr_floating_point 18.1]
Progress: Parameterizing module FPU
Progress: Adding NIOS_II [altera_nios2_gen2 18.1]
Progress: Parameterizing module NIOS_II
Progress: Adding SDRAM [altera_avalon_new_sdram_controller 18.1]
Progress: Parameterizing module SDRAM
Progress: Adding SDRAM_PLL [altpll 18.1]
Progress: Parameterizing module SDRAM_PLL
Progress: Adding SYS_ID [altera_avalon_sysid_qsys 18.1]
Progress: Parameterizing module SYS_ID
Progress: Adding clk_0 [clock_source 18.1]
Progress: Parameterizing module clk_0
Progress: Adding io_interface [subsystemA 1.0]
Progress: Reading input file
Progress: Adding clock_bridge [altera_clock_bridge 18.1]
Progress: Parameterizing module clock_bridge
Progress: Adding hex_display [hex_display 1.0]
Progress: Parameterizing module hex_display
Progress: Adding peripheral_bridge [altera_avalon_mm_bridge 18.1]
Progress: Parameterizing module peripheral_bridge
Progress: Adding push_button [push_button 1.0]
Progress: Parameterizing module push_button
Progress: Adding reset_bridge [altera_reset_bridge 18.1]
Progress: Parameterizing module reset_bridge
Progress: Adding switch_interface [switch_interface 1.0]
Progress: Parameterizing module switch_interface
Progress: Building connections
Progress: Parameterizing connections
Progress: Validating
Progress: Done reading input file
Progress: Parameterizing module io_interface
Progress: Building connections
Progress: Parameterizing connections
Progress: Validating
Progress: Done reading input file
Info: avalon_design.DEBUG: JTAG UART IP input clock need to be at least double (2x) the operating frequency of JTAG TCK on board
Info: avalon_design.DSP_NIOS.FFT_IP: Radix-2 digit reverse implied
Info: avalon_design.DSP_NIOS.FIFO_IN: For Avalon-ST and Avalon-MM combinations, data width is 32 bits.
Info: avalon_design.DSP_NIOS.FIFO_OUT: For Avalon-ST and Avalon-MM combinations, data width is 32 bits.
Info: avalon_design.DSP_NIOS.FIFO_IN.out/FFT_IP.sink: Ready latency is 1 for source and 0 for sink. Avalon-ST Adapter will be inserted..
Info: avalon_design.DSP_NIOS.FIFO_IN.out/FFT_IP.sink: The sink has a error signal of 2 bits, but the source does not. Avalon-ST Adapter will be inserted.
Info: avalon_design.DSP_NIOS.FFT_IP.source/FIFO_OUT.in: Ready latency is 0 for source and 1 for sink. Avalon-ST Adapter will be inserted..
Info: avalon_design.DSP_NIOS.FFT_IP.source/FIFO_OUT.in: The source has a error signal of 2 bits, but the sink does not. Avalon-ST Adapter will be inserted.
Info: avalon_design.SDRAM: SDRAM Controller will only be supported in Quartus Prime Standard Edition in the future release.
Info: avalon_design.SYS_ID: System ID is not assigned automatically. Edit the System ID parameter to provide a unique ID
Info: avalon_design.SYS_ID: Time stamp will be automatically updated when this component is generated.
Warning: avalon_design.SDRAM_PLL: SDRAM_PLL.pll_slave must be connected to an Avalon-MM master
Info: qsys-generate succeeded.
Info: Finished: Create block symbol file (.bsf)
Info: 
Info: Starting: Create HDL design files for synthesis
Info: qsys-generate C:\Sandbox\FPGA_Clean\06_math_qsys\Qsys\avalon_design.qsys --synthesis=VERILOG --output-directory=C:\Sandbox\FPGA_Clean\06_math_qsys\Qsys\avalon_design\synthesis --family="MAX 10" --part=10M50DAF484C7G
Progress: Loading Qsys/avalon_design.qsys
Progress: Reading input file
Progress: Adding DEBUG [altera_avalon_jtag_uart 18.1]
Progress: Parameterizing module DEBUG
Progress: Adding DSP_NIOS [subsystemB 1.0]
Progress: Parameterizing module DSP_NIOS
Progress: Adding FLASH_MEM [altera_onchip_flash 18.1]
Progress: Parameterizing module FLASH_MEM
Progress: Adding FPU [altera_nios_custom_instr_floating_point 18.1]
Progress: Parameterizing module FPU
Progress: Adding NIOS_II [altera_nios2_gen2 18.1]
Progress: Parameterizing module NIOS_II
Progress: Adding SDRAM [altera_avalon_new_sdram_controller 18.1]
Progress: Parameterizing module SDRAM
Progress: Adding SDRAM_PLL [altpll 18.1]
Progress: Parameterizing module SDRAM_PLL
Progress: Adding SYS_ID [altera_avalon_sysid_qsys 18.1]
Progress: Parameterizing module SYS_ID
Progress: Adding clk_0 [clock_source 18.1]
Progress: Parameterizing module clk_0
Progress: Adding io_interface [subsystemA 1.0]
Progress: Parameterizing module io_interface
Progress: Building connections
Progress: Parameterizing connections
Progress: Validating
Progress: Done reading input file
Info: avalon_design.DEBUG: JTAG UART IP input clock need to be at least double (2x) the operating frequency of JTAG TCK on board
Info: avalon_design.DSP_NIOS.FFT_IP: Radix-2 digit reverse implied
Info: avalon_design.DSP_NIOS.FIFO_IN: For Avalon-ST and Avalon-MM combinations, data width is 32 bits.
Info: avalon_design.DSP_NIOS.FIFO_OUT: For Avalon-ST and Avalon-MM combinations, data width is 32 bits.
Info: avalon_design.DSP_NIOS.FIFO_IN.out/FFT_IP.sink: Ready latency is 1 for source and 0 for sink. Avalon-ST Adapter will be inserted..
Info: avalon_design.DSP_NIOS.FIFO_IN.out/FFT_IP.sink: The sink has a error signal of 2 bits, but the source does not. Avalon-ST Adapter will be inserted.
Info: avalon_design.DSP_NIOS.FFT_IP.source/FIFO_OUT.in: Ready latency is 0 for source and 1 for sink. Avalon-ST Adapter will be inserted..
Info: avalon_design.DSP_NIOS.FFT_IP.source/FIFO_OUT.in: The source has a error signal of 2 bits, but the sink does not. Avalon-ST Adapter will be inserted.
Info: avalon_design.SDRAM: SDRAM Controller will only be supported in Quartus Prime Standard Edition in the future release.
Info: avalon_design.SYS_ID: System ID is not assigned automatically. Edit the System ID parameter to provide a unique ID
Info: avalon_design.SYS_ID: Time stamp will be automatically updated when this component is generated.
Warning: avalon_design.SDRAM_PLL: SDRAM_PLL.pll_slave must be connected to an Avalon-MM master
Info: avalon_design: Generating avalon_design "avalon_design" for QUARTUS_SYNTH
Info: Inserting clock-crossing logic between cmd_demux.src5 and cmd_mux_005.sink0
Info: Inserting clock-crossing logic between rsp_demux_005.src0 and rsp_mux.sink5
Warning: avalon_design: "No matching role found for NIOS_II_custom_instruction_master_translator:ci_slave:ci_slave_result (result)"
Warning: avalon_design: "No matching role found for NIOS_II_custom_instruction_master_multi_xconnect:ci_slave:ci_slave_ipending (ipending)"
Warning: avalon_design: "No matching role found for NIOS_II_custom_instruction_master_multi_xconnect:ci_slave:ci_slave_estatus (estatus)"
Info: DEBUG: Starting RTL generation for module 'avalon_design_DEBUG'
Info: DEBUG:   Generation command is [exec C:/intelfpga_lite/18.1/quartus/bin64/perl/bin/perl.exe -I C:/intelfpga_lite/18.1/quartus/bin64/perl/lib -I C:/intelfpga_lite/18.1/quartus/sopc_builder/bin/europa -I C:/intelfpga_lite/18.1/quartus/sopc_builder/bin/perl_lib -I C:/intelfpga_lite/18.1/quartus/sopc_builder/bin -I C:/intelfpga_lite/18.1/quartus/../ip/altera/sopc_builder_ip/common -I C:/intelfpga_lite/18.1/quartus/../ip/altera/sopc_builder_ip/altera_avalon_jtag_uart -- C:/intelfpga_lite/18.1/quartus/../ip/altera/sopc_builder_ip/altera_avalon_jtag_uart/generate_rtl.pl --name=avalon_design_DEBUG --dir=C:/Users/prate/AppData/Local/Temp/alt0516_754989464196881004.dir/0409_DEBUG_gen/ --quartus_dir=C:/intelfpga_lite/18.1/quartus --verilog --config=C:/Users/prate/AppData/Local/Temp/alt0516_754989464196881004.dir/0409_DEBUG_gen//avalon_design_DEBUG_component_configuration.pl  --do_build_sim=0  ]
Info: DEBUG: Done RTL generation for module 'avalon_design_DEBUG'
Info: DEBUG: "avalon_design" instantiated altera_avalon_jtag_uart "DEBUG"
Info: avalon_st_adapter: Inserting error_adapter: error_adapter_0
Info: avalon_st_adapter: Inserting timing_adapter: timing_adapter_0
Info: avalon_st_adapter_001: Inserting error_adapter: error_adapter_0
Info: avalon_st_adapter_001: Inserting timing_adapter: timing_adapter_0
Info: DSP_NIOS: "avalon_design" instantiated subsystemB "DSP_NIOS"
Info: FLASH_MEM: Generating top-level entity altera_onchip_flash
Info: FLASH_MEM: "avalon_design" instantiated altera_onchip_flash "FLASH_MEM"
Info: FPU: "avalon_design" instantiated altera_nios_custom_instr_floating_point "FPU"
Info: NIOS_II: "avalon_design" instantiated altera_nios2_gen2 "NIOS_II"
Info: SDRAM: Starting RTL generation for module 'avalon_design_SDRAM'
Info: SDRAM:   Generation command is [exec C:/intelfpga_lite/18.1/quartus/bin64/perl/bin/perl.exe -I C:/intelfpga_lite/18.1/quartus/bin64/perl/lib -I C:/intelfpga_lite/18.1/quartus/sopc_builder/bin/europa -I C:/intelfpga_lite/18.1/quartus/sopc_builder/bin/perl_lib -I C:/intelfpga_lite/18.1/quartus/sopc_builder/bin -I C:/intelfpga_lite/18.1/quartus/../ip/altera/sopc_builder_ip/common -I C:/intelfpga_lite/18.1/quartus/../ip/altera/sopc_builder_ip/altera_avalon_new_sdram_controller -- C:/intelfpga_lite/18.1/quartus/../ip/altera/sopc_builder_ip/altera_avalon_new_sdram_controller/generate_rtl.pl --name=avalon_design_SDRAM --dir=C:/Users/prate/AppData/Local/Temp/alt0516_754989464196881004.dir/0411_SDRAM_gen/ --quartus_dir=C:/intelfpga_lite/18.1/quartus --verilog --config=C:/Users/prate/AppData/Local/Temp/alt0516_754989464196881004.dir/0411_SDRAM_gen//avalon_design_SDRAM_component_configuration.pl  --do_build_sim=0  ]
Info: SDRAM: Done RTL generation for module 'avalon_design_SDRAM'
Info: SDRAM: "avalon_design" instantiated altera_avalon_new_sdram_controller "SDRAM"
Info: SDRAM_PLL: "avalon_design" instantiated altpll "SDRAM_PLL"
Info: SYS_ID: "avalon_design" instantiated altera_avalon_sysid_qsys "SYS_ID"
Info: io_interface: "avalon_design" instantiated subsystemA "io_interface"
Info: NIOS_II_custom_instruction_master_translator: "avalon_design" instantiated altera_customins_master_translator "NIOS_II_custom_instruction_master_translator"
Info: NIOS_II_custom_instruction_master_multi_xconnect: "avalon_design" instantiated altera_customins_xconnect "NIOS_II_custom_instruction_master_multi_xconnect"
Info: NIOS_II_custom_instruction_master_multi_slave_translator0: "avalon_design" instantiated altera_customins_slave_translator "NIOS_II_custom_instruction_master_multi_slave_translator0"
Info: avalon_st_adapter: Inserting error_adapter: error_adapter_0
Info: avalon_st_adapter_001: Inserting error_adapter: error_adapter_0
Info: avalon_st_adapter_002: Inserting error_adapter: error_adapter_0
Info: avalon_st_adapter_003: Inserting error_adapter: error_adapter_0
Info: avalon_st_adapter_004: Inserting error_adapter: error_adapter_0
Info: avalon_st_adapter_005: Inserting error_adapter: error_adapter_0
Info: avalon_st_adapter_006: Inserting error_adapter: error_adapter_0
Info: avalon_st_adapter_007: Inserting error_adapter: error_adapter_0
Info: mm_interconnect_0: "avalon_design" instantiated altera_mm_interconnect "mm_interconnect_0"
Info: irq_mapper: "avalon_design" instantiated altera_irq_mapper "irq_mapper"
Info: rst_controller: "avalon_design" instantiated altera_reset_controller "rst_controller"
Info: FFT_IP: --- add file: avalon_design_DSP_NIOS_FFT_IP_2n64cos.hex
Info: FFT_IP: --- add file: avalon_design_DSP_NIOS_FFT_IP_1n64sin.hex
Info: FFT_IP: --- add file: avalon_design_DSP_NIOS_FFT_IP_2n64sin.hex
Info: FFT_IP: --- add file: avalon_design_DSP_NIOS_FFT_IP_3n64cos.hex
Info: FFT_IP: --- add file: avalon_design_DSP_NIOS_FFT_IP_3n64sin.hex
Info: FFT_IP: --- add file: avalon_design_DSP_NIOS_FFT_IP_1n64cos.hex
Info: FFT_IP: "DSP_NIOS" instantiated altera_fft_ii "FFT_IP"
Info: FIFO_IN: Starting RTL generation for module 'avalon_design_DSP_NIOS_FIFO_IN'
Info: FIFO_IN:   Generation command is [exec C:/intelfpga_lite/18.1/quartus/bin64/perl/bin/perl.exe -I C:/intelfpga_lite/18.1/quartus/bin64/perl/lib -I C:/intelfpga_lite/18.1/quartus/sopc_builder/bin/europa -I C:/intelfpga_lite/18.1/quartus/sopc_builder/bin/perl_lib -I C:/intelfpga_lite/18.1/quartus/sopc_builder/bin -I C:/intelfpga_lite/18.1/quartus/../ip/altera/sopc_builder_ip/common -I C:/intelfpga_lite/18.1/quartus/../ip/altera/sopc_builder_ip/altera_avalon_fifo -- C:/intelfpga_lite/18.1/quartus/../ip/altera/sopc_builder_ip/altera_avalon_fifo/generate_rtl.pl --name=avalon_design_DSP_NIOS_FIFO_IN --dir=C:/Users/prate/AppData/Local/Temp/alt0516_754989464196881004.dir/0421_FIFO_IN_gen/ --quartus_dir=C:/intelfpga_lite/18.1/quartus --verilog --config=C:/Users/prate/AppData/Local/Temp/alt0516_754989464196881004.dir/0421_FIFO_IN_gen//avalon_design_DSP_NIOS_FIFO_IN_component_configuration.pl  --do_build_sim=0  ]
Info: FIFO_IN: Done RTL generation for module 'avalon_design_DSP_NIOS_FIFO_IN'
Info: FIFO_IN: "DSP_NIOS" instantiated altera_avalon_fifo "FIFO_IN"
Info: FIFO_OUT: Starting RTL generation for module 'avalon_design_DSP_NIOS_FIFO_OUT'
Info: FIFO_OUT:   Generation command is [exec C:/intelfpga_lite/18.1/quartus/bin64/perl/bin/perl.exe -I C:/intelfpga_lite/18.1/quartus/bin64/perl/lib -I C:/intelfpga_lite/18.1/quartus/sopc_builder/bin/europa -I C:/intelfpga_lite/18.1/quartus/sopc_builder/bin/perl_lib -I C:/intelfpga_lite/18.1/quartus/sopc_builder/bin -I C:/intelfpga_lite/18.1/quartus/../ip/altera/sopc_builder_ip/common -I C:/intelfpga_lite/18.1/quartus/../ip/altera/sopc_builder_ip/altera_avalon_fifo -- C:/intelfpga_lite/18.1/quartus/../ip/altera/sopc_builder_ip/altera_avalon_fifo/generate_rtl.pl --name=avalon_design_DSP_NIOS_FIFO_OUT --dir=C:/Users/prate/AppData/Local/Temp/alt0516_754989464196881004.dir/0422_FIFO_OUT_gen/ --quartus_dir=C:/intelfpga_lite/18.1/quartus --verilog --config=C:/Users/prate/AppData/Local/Temp/alt0516_754989464196881004.dir/0422_FIFO_OUT_gen//avalon_design_DSP_NIOS_FIFO_OUT_component_configuration.pl  --do_build_sim=0  ]
Info: FIFO_OUT: Done RTL generation for module 'avalon_design_DSP_NIOS_FIFO_OUT'
Info: FIFO_OUT: "DSP_NIOS" instantiated altera_avalon_fifo "FIFO_OUT"
Info: peripheral_bridge: "DSP_NIOS" instantiated altera_avalon_mm_bridge "peripheral_bridge"
Info: avalon_st_adapter: Inserting error_adapter: error_adapter_0
Info: avalon_st_adapter_001: Inserting error_adapter: error_adapter_0
Info: avalon_st_adapter_002: Inserting error_adapter: error_adapter_0
Info: avalon_st_adapter_003: Inserting error_adapter: error_adapter_0
Info: mm_interconnect_0: "DSP_NIOS" instantiated altera_mm_interconnect "mm_interconnect_0"
Info: avalon_st_adapter: "DSP_NIOS" instantiated altera_avalon_st_adapter "avalon_st_adapter"
Info: avalon_st_adapter_001: "DSP_NIOS" instantiated altera_avalon_st_adapter "avalon_st_adapter_001"
Info: cpu: Starting RTL generation for module 'avalon_design_NIOS_II_cpu'
Info: cpu:   Generation command is [exec C:/intelFPGA_lite/18.1/quartus/bin64//eperlcmd.exe -I C:/intelFPGA_lite/18.1/quartus/bin64//perl/lib -I C:/intelfpga_lite/18.1/quartus/sopc_builder/bin/europa -I C:/intelfpga_lite/18.1/quartus/sopc_builder/bin/perl_lib -I C:/intelfpga_lite/18.1/quartus/sopc_builder/bin -I C:/intelfpga_lite/18.1/quartus/../ip/altera/nios2_ip/altera_nios2_gen2/cpu_lib -I C:/intelfpga_lite/18.1/quartus/../ip/altera/nios2_ip/altera_nios2_gen2/nios_lib -I C:/intelfpga_lite/18.1/quartus/../ip/altera/nios2_ip/altera_nios2_gen2 -I C:/intelfpga_lite/18.1/quartus/../ip/altera/nios2_ip/altera_nios2_gen2 -- C:/intelfpga_lite/18.1/quartus/../ip/altera/nios2_ip/altera_nios2_gen2/generate_rtl.epl --name=avalon_design_NIOS_II_cpu --dir=C:/Users/prate/AppData/Local/Temp/alt0516_754989464196881004.dir/0424_cpu_gen/ --quartus_bindir=C:/intelFPGA_lite/18.1/quartus/bin64/ --verilog --config=C:/Users/prate/AppData/Local/Temp/alt0516_754989464196881004.dir/0424_cpu_gen//avalon_design_NIOS_II_cpu_processor_configuration.pl  --do_build_sim=0  ]
Info: cpu: # 2026.03.05 01:01:31 (*) Starting Nios II generation
Info: cpu: # 2026.03.05 01:01:31 (*)   Checking for plaintext license.
Info: cpu: # 2026.03.05 01:01:32 (*)   Couldn't query license setup in Quartus directory C:/intelFPGA_lite/18.1/quartus/bin64/
Info: cpu: # 2026.03.05 01:01:32 (*)   Defaulting to contents of LM_LICENSE_FILE environment variable
Info: cpu: # 2026.03.05 01:01:32 (*)   LM_LICENSE_FILE environment variable is empty
Info: cpu: # 2026.03.05 01:01:32 (*)   Plaintext license not found.
Info: cpu: # 2026.03.05 01:01:32 (*)   Checking for encrypted license (non-evaluation).
Info: cpu: # 2026.03.05 01:01:32 (*)   Couldn't query license setup in Quartus directory C:/intelFPGA_lite/18.1/quartus/bin64/
Info: cpu: # 2026.03.05 01:01:32 (*)   Defaulting to contents of LM_LICENSE_FILE environment variable
Info: cpu: # 2026.03.05 01:01:32 (*)   LM_LICENSE_FILE environment variable is empty
Info: cpu: # 2026.03.05 01:01:32 (*)   Encrypted license not found.  Defaulting to OCP evaluation license (produces a time-limited SOF)
Info: cpu: # 2026.03.05 01:01:32 (*)   Elaborating CPU configuration settings
Info: cpu: # 2026.03.05 01:01:32 (*)   Creating all objects for CPU
Info: cpu: # 2026.03.05 01:01:32 (*)     Testbench
Info: cpu: # 2026.03.05 01:01:32 (*)     Instruction decoding
Info: cpu: # 2026.03.05 01:01:32 (*)       Instruction fields
Info: cpu: # 2026.03.05 01:01:32 (*)       Instruction decodes
Info: cpu: # 2026.03.05 01:01:32 (*)       Signals for RTL simulation waveforms
Info: cpu: # 2026.03.05 01:01:32 (*)       Instruction controls
Info: cpu: # 2026.03.05 01:01:32 (*)     Pipeline frontend
Info: cpu: # 2026.03.05 01:01:32 (*)     Pipeline backend
Info: cpu: # 2026.03.05 01:01:33 (*)   Generating RTL from CPU objects
Info: cpu: # 2026.03.05 01:01:34 (*)   Creating encrypted RTL
Info: cpu: # 2026.03.05 01:01:34 (*) Done Nios II generation
Info: cpu: Done RTL generation for module 'avalon_design_NIOS_II_cpu'
Info: cpu: "NIOS_II" instantiated altera_nios2_gen2_unit "cpu"
Info: hex_display: "io_interface" instantiated hex_display "hex_display"
Info: push_button: "io_interface" instantiated push_button "push_button"
Info: switch_interface: "io_interface" instantiated switch_interface "switch_interface"
Info: avalon_st_adapter: Inserting error_adapter: error_adapter_0
Info: avalon_st_adapter_001: Inserting error_adapter: error_adapter_0
Info: avalon_st_adapter_002: Inserting error_adapter: error_adapter_0
Info: mm_interconnect_0: "io_interface" instantiated altera_mm_interconnect "mm_interconnect_0"
Info: NIOS_II_data_master_translator: "mm_interconnect_0" instantiated altera_merlin_master_translator "NIOS_II_data_master_translator"
Info: DEBUG_avalon_jtag_slave_translator: "mm_interconnect_0" instantiated altera_merlin_slave_translator "DEBUG_avalon_jtag_slave_translator"
Info: NIOS_II_data_master_agent: "mm_interconnect_0" instantiated altera_merlin_master_agent "NIOS_II_data_master_agent"
Info: DEBUG_avalon_jtag_slave_agent: "mm_interconnect_0" instantiated altera_merlin_slave_agent "DEBUG_avalon_jtag_slave_agent"
Info: DEBUG_avalon_jtag_slave_agent_rsp_fifo: "mm_interconnect_0" instantiated altera_avalon_sc_fifo "DEBUG_avalon_jtag_slave_agent_rsp_fifo"
Info: router: "mm_interconnect_0" instantiated altera_merlin_router "router"
Info: router_001: "mm_interconnect_0" instantiated altera_merlin_router "router_001"
Info: router_002: "mm_interconnect_0" instantiated altera_merlin_router "router_002"
Info: router_006: "mm_interconnect_0" instantiated altera_merlin_router "router_006"
Info: router_009: "mm_interconnect_0" instantiated altera_merlin_router "router_009"
Info: NIOS_II_data_master_limiter: "mm_interconnect_0" instantiated altera_merlin_traffic_limiter "NIOS_II_data_master_limiter"
Info: Reusing file C:/Sandbox/FPGA_Clean/06_math_qsys/Qsys/avalon_design/synthesis/submodules/altera_avalon_sc_fifo.v
Info: SDRAM_s1_burst_adapter: "mm_interconnect_0" instantiated altera_merlin_burst_adapter "SDRAM_s1_burst_adapter"
Info: Reusing file C:/Sandbox/FPGA_Clean/06_math_qsys/Qsys/avalon_design/synthesis/submodules/altera_avalon_st_pipeline_base.v
Info: cmd_demux: "mm_interconnect_0" instantiated altera_merlin_demultiplexer "cmd_demux"
Info: cmd_demux_001: "mm_interconnect_0" instantiated altera_merlin_demultiplexer "cmd_demux_001"
Info: cmd_mux: "mm_interconnect_0" instantiated altera_merlin_multiplexer "cmd_mux"
Info: cmd_mux_004: "mm_interconnect_0" instantiated altera_merlin_multiplexer "cmd_mux_004"
Info: Reusing file C:/Sandbox/FPGA_Clean/06_math_qsys/Qsys/avalon_design/synthesis/submodules/altera_merlin_arbitrator.sv
Info: rsp_demux: "mm_interconnect_0" instantiated altera_merlin_demultiplexer "rsp_demux"
Info: rsp_demux_004: "mm_interconnect_0" instantiated altera_merlin_demultiplexer "rsp_demux_004"
Info: rsp_mux: "mm_interconnect_0" instantiated altera_merlin_multiplexer "rsp_mux"
Info: Reusing file C:/Sandbox/FPGA_Clean/06_math_qsys/Qsys/avalon_design/synthesis/submodules/altera_merlin_arbitrator.sv
Info: rsp_mux_001: "mm_interconnect_0" instantiated altera_merlin_multiplexer "rsp_mux_001"
Info: Reusing file C:/Sandbox/FPGA_Clean/06_math_qsys/Qsys/avalon_design/synthesis/submodules/altera_merlin_arbitrator.sv
Info: SDRAM_s1_rsp_width_adapter: "mm_interconnect_0" instantiated altera_merlin_width_adapter "SDRAM_s1_rsp_width_adapter"
Info: Reusing file C:/Sandbox/FPGA_Clean/06_math_qsys/Qsys/avalon_design/synthesis/submodules/altera_merlin_address_alignment.sv
Info: Reusing file C:/Sandbox/FPGA_Clean/06_math_qsys/Qsys/avalon_design/synthesis/submodules/altera_merlin_burst_uncompressor.sv
Info: crosser: "mm_interconnect_0" instantiated altera_avalon_st_handshake_clock_crosser "crosser"
Info: Reusing file C:/Sandbox/FPGA_Clean/06_math_qsys/Qsys/avalon_design/synthesis/submodules/altera_avalon_st_pipeline_base.v
Info: avalon_st_adapter: "mm_interconnect_0" instantiated altera_avalon_st_adapter "avalon_st_adapter"
Info: avalon_st_adapter_007: "mm_interconnect_0" instantiated altera_avalon_st_adapter "avalon_st_adapter_007"
Info: router: "mm_interconnect_0" instantiated altera_merlin_router "router"
Info: router_001: "mm_interconnect_0" instantiated altera_merlin_router "router_001"
Info: cmd_demux: "mm_interconnect_0" instantiated altera_merlin_demultiplexer "cmd_demux"
Info: cmd_mux: "mm_interconnect_0" instantiated altera_merlin_multiplexer "cmd_mux"
Info: Reusing file C:/Sandbox/FPGA_Clean/06_math_qsys/Qsys/avalon_design/synthesis/submodules/altera_merlin_arbitrator.sv
Info: rsp_demux: "mm_interconnect_0" instantiated altera_merlin_demultiplexer "rsp_demux"
Info: rsp_mux: "mm_interconnect_0" instantiated altera_merlin_multiplexer "rsp_mux"
Info: Reusing file C:/Sandbox/FPGA_Clean/06_math_qsys/Qsys/avalon_design/synthesis/submodules/altera_merlin_arbitrator.sv
Info: error_adapter_0: "avalon_st_adapter" instantiated error_adapter "error_adapter_0"
Info: timing_adapter_0: "avalon_st_adapter" instantiated timing_adapter "timing_adapter_0"
Info: error_adapter_0: "avalon_st_adapter_001" instantiated error_adapter "error_adapter_0"
Info: timing_adapter_0: "avalon_st_adapter_001" instantiated timing_adapter "timing_adapter_0"
Info: router: "mm_interconnect_0" instantiated altera_merlin_router "router"
Info: router_001: "mm_interconnect_0" instantiated altera_merlin_router "router_001"
Info: cmd_demux: "mm_interconnect_0" instantiated altera_merlin_demultiplexer "cmd_demux"
Info: cmd_mux: "mm_interconnect_0" instantiated altera_merlin_multiplexer "cmd_mux"
Info: Reusing file C:/Sandbox/FPGA_Clean/06_math_qsys/Qsys/avalon_design/synthesis/submodules/altera_merlin_arbitrator.sv
Info: rsp_demux: "mm_interconnect_0" instantiated altera_merlin_demultiplexer "rsp_demux"
Info: rsp_mux: "mm_interconnect_0" instantiated altera_merlin_multiplexer "rsp_mux"
Info: Reusing file C:/Sandbox/FPGA_Clean/06_math_qsys/Qsys/avalon_design/synthesis/submodules/altera_merlin_arbitrator.sv
Info: error_adapter_0: "avalon_st_adapter" instantiated error_adapter "error_adapter_0"
Info: error_adapter_0: "avalon_st_adapter_007" instantiated error_adapter "error_adapter_0"
Info: avalon_design: Done "avalon_design" with 70 modules, 216 files
Info: qsys-generate succeeded.
Info: Finished: Create HDL design files for synthesis
