03:46:17 **** Incremental Build of configuration Nios II for project signal_capture ****
make all 
Info: Building ../signal_capture_bsp/
C:/intelFPGA_lite/18.1/nios2eds/bin/gnu/H-x86_64-mingw32/bin/make --no-print-directory -C ../signal_capture_bsp/
[BSP build complete]
Info: Compiling dma_interfacing.c to obj/default/dma_interfacing.o
nios2-elf-gcc -xc -MP -MMD -c -I../signal_capture_bsp//HAL/inc -I../signal_capture_bsp/ -I../signal_capture_bsp//drivers/inc  -pipe -D__hal__ -DALT_NO_C_PLUS_PLUS -DALT_NO_CLEAN_EXIT -D'exit(a)=_exit(a)' -DALT_NO_EXIT -DALT_USE_DIRECT_DRIVERS -DALT_NO_INSTRUCTION_EMULATION -DALT_SINGLE_THREADED    -Os -g -Wall   -mno-hw-div -mcustom-fpu-cfg=60-2 -mhw-mul -mno-hw-mulx -mgpopt=global  -o obj/default/dma_interfacing.o dma_interfacing.c
Info: Linking signal_capture.elf
nios2-elf-g++  -T'../signal_capture_bsp//linker.x' -msys-crt0='../signal_capture_bsp//obj/HAL/src/crt0.o' -msys-lib=hal_bsp -L../signal_capture_bsp/  -mcustom-fpu-cfg=60-2  -Wl,-Map=signal_capture.map   -Os -g -Wall   -mno-hw-div -mcustom-fpu-cfg=60-2 -mhw-mul -mno-hw-mulx -mgpopt=global  -o signal_capture.elf obj/default/avalon_gpio.o obj/default/dma_interfacing.o obj/default/signal_capture_main.o -lm -msys-lib=m
c:/intelfpga_lite/18.1/nios2eds/bin/gnu/h-x86_64-mingw32/bin/../lib/gcc/nios2-elf/5.3.0/../../../../../H-x86_64-mingw32/nios2-elf/lib\libc.a(closer.o): In function `_close_r':
/build/arc/temp/823101626/ACDS_lwr/ip/sopc/app/gnu/BUILD/gnu/build-newlib.nios2-elf.x86_64-w64-mingw32/nios2-elf/newlib/libc/reent/../../../../../src/newlib-2.2/newlib/libc/reent/closer.c:53: warning: warning: close is not implemented and will always fail
c:/intelfpga_lite/18.1/nios2eds/bin/gnu/h-x86_64-mingw32/bin/../lib/gcc/nios2-elf/5.3.0/../../../../../H-x86_64-mingw32/nios2-elf/lib\libc.a(lib_a-lseekr.o): In function `_lseek_r':
/build/arc/temp/823101626/ACDS_lwr/ip/sopc/app/gnu/BUILD/gnu/build-newlib.nios2-elf.x86_64-w64-mingw32/nios2-elf/newlib/libc/reent/../../../../../src/newlib-2.2/newlib/libc/reent/lseekr.c:58: warning: warning: lseek is not implemented and will always fail
nios2-elf-insert signal_capture.elf --thread_model hal --cpu_name NIOS_II --qsys true --simulation_enabled false --id 0 --sidp 0x4001838 --timestamp 1773525975 --stderr_dev DEBUG --stdin_dev DEBUG --stdout_dev DEBUG --sopc_system_name signal_analyzer --quartus_project_dir "C:/Sandbox/FPGA/07_GPIO_Interfacing/Qsys" --sopcinfo C:/Sandbox/FPGA/07_GPIO_Interfacing/Qsys/software/signal_capture_bsp/../../signal_analyzer.sopcinfo
Info: (signal_capture.elf) 69 KBytes program size (code + initialized data).
Info:                      65460 KBytes free for stack + heap.
Info: Creating signal_capture.objdump
nios2-elf-objdump --disassemble --syms --all-header --source signal_capture.elf >signal_capture.objdump
[signal_capture build complete]
03:46:20 **** Build of configuration Nios II for project signal_capture ****
make all 
Info: Building ../signal_capture_bsp/
C:/intelFPGA_lite/18.1/nios2eds/bin/gnu/H-x86_64-mingw32/bin/make --no-print-directory -C ../signal_capture_bsp/
[BSP build complete]
[signal_capture build complete]
03:46:21 **** Incremental Build of configuration Nios II for project signal_capture ****
make all 
Info: Building ../signal_capture_bsp/
C:/intelFPGA_lite/18.1/nios2eds/bin/gnu/H-x86_64-mingw32/bin/make --no-print-directory -C ../signal_capture_bsp/
[BSP build complete]
[signal_capture build complete]
03:48:59 **** Build of configuration Nios II for project signal_capture ****
make all 
Info: Building ../signal_capture_bsp/
C:/intelFPGA_lite/18.1/nios2eds/bin/gnu/H-x86_64-mingw32/bin/make --no-print-directory -C ../signal_capture_bsp/
[BSP build complete]
Info: Compiling dma_interfacing.c to obj/default/dma_interfacing.o
nios2-elf-gcc -xc -MP -MMD -c -I../signal_capture_bsp//HAL/inc -I../signal_capture_bsp/ -I../signal_capture_bsp//drivers/inc  -pipe -D__hal__ -DALT_NO_C_PLUS_PLUS -DALT_NO_CLEAN_EXIT -D'exit(a)=_exit(a)' -DALT_NO_EXIT -DALT_USE_DIRECT_DRIVERS -DALT_NO_INSTRUCTION_EMULATION -DALT_SINGLE_THREADED    -Os -g -Wall   -mno-hw-div -mcustom-fpu-cfg=60-2 -mhw-mul -mno-hw-mulx -mgpopt=global  -o obj/default/dma_interfacing.o dma_interfacing.c
Info: Linking signal_capture.elf
nios2-elf-g++  -T'../signal_capture_bsp//linker.x' -msys-crt0='../signal_capture_bsp//obj/HAL/src/crt0.o' -msys-lib=hal_bsp -L../signal_capture_bsp/  -mcustom-fpu-cfg=60-2  -Wl,-Map=signal_capture.map   -Os -g -Wall   -mno-hw-div -mcustom-fpu-cfg=60-2 -mhw-mul -mno-hw-mulx -mgpopt=global  -o signal_capture.elf obj/default/avalon_gpio.o obj/default/dma_interfacing.o obj/default/signal_capture_main.o -lm -msys-lib=m
c:/intelfpga_lite/18.1/nios2eds/bin/gnu/h-x86_64-mingw32/bin/../lib/gcc/nios2-elf/5.3.0/../../../../../H-x86_64-mingw32/nios2-elf/lib\libc.a(closer.o): In function `_close_r':
/build/arc/temp/823101626/ACDS_lwr/ip/sopc/app/gnu/BUILD/gnu/build-newlib.nios2-elf.x86_64-w64-mingw32/nios2-elf/newlib/libc/reent/../../../../../src/newlib-2.2/newlib/libc/reent/closer.c:53: warning: warning: close is not implemented and will always fail
c:/intelfpga_lite/18.1/nios2eds/bin/gnu/h-x86_64-mingw32/bin/../lib/gcc/nios2-elf/5.3.0/../../../../../H-x86_64-mingw32/nios2-elf/lib\libc.a(lib_a-lseekr.o): In function `_lseek_r':
/build/arc/temp/823101626/ACDS_lwr/ip/sopc/app/gnu/BUILD/gnu/build-newlib.nios2-elf.x86_64-w64-mingw32/nios2-elf/newlib/libc/reent/../../../../../src/newlib-2.2/newlib/libc/reent/lseekr.c:58: warning: warning: lseek is not implemented and will always fail
nios2-elf-insert signal_capture.elf --thread_model hal --cpu_name NIOS_II --qsys true --simulation_enabled false --id 0 --sidp 0x4001838 --timestamp 1773525975 --stderr_dev DEBUG --stdin_dev DEBUG --stdout_dev DEBUG --sopc_system_name signal_analyzer --quartus_project_dir "C:/Sandbox/FPGA/07_GPIO_Interfacing/Qsys" --sopcinfo C:/Sandbox/FPGA/07_GPIO_Interfacing/Qsys/software/signal_capture_bsp/../../signal_analyzer.sopcinfo
Info: (signal_capture.elf) 69 KBytes program size (code + initialized data).
Info:                      65460 KBytes free for stack + heap.
Info: Creating signal_capture.objdump
nios2-elf-objdump --disassemble --syms --all-header --source signal_capture.elf >signal_capture.objdump
[signal_capture build complete]
03:49:01 **** Incremental Build of configuration Nios II for project signal_capture ****
make all 
Info: Building ../signal_capture_bsp/
C:/intelFPGA_lite/18.1/nios2eds/bin/gnu/H-x86_64-mingw32/bin/make --no-print-directory -C ../signal_capture_bsp/
[BSP build complete]
[signal_capture build complete]
03:50:17 **** Build of configuration Nios II for project signal_capture ****
make all 
Info: Building ../signal_capture_bsp/
C:/intelFPGA_lite/18.1/nios2eds/bin/gnu/H-x86_64-mingw32/bin/make --no-print-directory -C ../signal_capture_bsp/
[BSP build complete]
Info: Compiling dma_interfacing.c to obj/default/dma_interfacing.o
nios2-elf-gcc -xc -MP -MMD -c -I../signal_capture_bsp//HAL/inc -I../signal_capture_bsp/ -I../signal_capture_bsp//drivers/inc  -pipe -D__hal__ -DALT_NO_C_PLUS_PLUS -DALT_NO_CLEAN_EXIT -D'exit(a)=_exit(a)' -DALT_NO_EXIT -DALT_USE_DIRECT_DRIVERS -DALT_NO_INSTRUCTION_EMULATION -DALT_SINGLE_THREADED    -Os -g -Wall   -mno-hw-div -mcustom-fpu-cfg=60-2 -mhw-mul -mno-hw-mulx -mgpopt=global  -o obj/default/dma_interfacing.o dma_interfacing.c
Info: Linking signal_capture.elf
nios2-elf-g++  -T'../signal_capture_bsp//linker.x' -msys-crt0='../signal_capture_bsp//obj/HAL/src/crt0.o' -msys-lib=hal_bsp -L../signal_capture_bsp/  -mcustom-fpu-cfg=60-2  -Wl,-Map=signal_capture.map   -Os -g -Wall   -mno-hw-div -mcustom-fpu-cfg=60-2 -mhw-mul -mno-hw-mulx -mgpopt=global  -o signal_capture.elf obj/default/avalon_gpio.o obj/default/dma_interfacing.o obj/default/signal_capture_main.o -lm -msys-lib=m
c:/intelfpga_lite/18.1/nios2eds/bin/gnu/h-x86_64-mingw32/bin/../lib/gcc/nios2-elf/5.3.0/../../../../../H-x86_64-mingw32/nios2-elf/lib\libc.a(closer.o): In function `_close_r':
/build/arc/temp/823101626/ACDS_lwr/ip/sopc/app/gnu/BUILD/gnu/build-newlib.nios2-elf.x86_64-w64-mingw32/nios2-elf/newlib/libc/reent/../../../../../src/newlib-2.2/newlib/libc/reent/closer.c:53: warning: warning: close is not implemented and will always fail
c:/intelfpga_lite/18.1/nios2eds/bin/gnu/h-x86_64-mingw32/bin/../lib/gcc/nios2-elf/5.3.0/../../../../../H-x86_64-mingw32/nios2-elf/lib\libc.a(lib_a-lseekr.o): In function `_lseek_r':
/build/arc/temp/823101626/ACDS_lwr/ip/sopc/app/gnu/BUILD/gnu/build-newlib.nios2-elf.x86_64-w64-mingw32/nios2-elf/newlib/libc/reent/../../../../../src/newlib-2.2/newlib/libc/reent/lseekr.c:58: warning: warning: lseek is not implemented and will always fail
nios2-elf-insert signal_capture.elf --thread_model hal --cpu_name NIOS_II --qsys true --simulation_enabled false --id 0 --sidp 0x4001838 --timestamp 1773525975 --stderr_dev DEBUG --stdin_dev DEBUG --stdout_dev DEBUG --sopc_system_name signal_analyzer --quartus_project_dir "C:/Sandbox/FPGA/07_GPIO_Interfacing/Qsys" --sopcinfo C:/Sandbox/FPGA/07_GPIO_Interfacing/Qsys/software/signal_capture_bsp/../../signal_analyzer.sopcinfo
Info: (signal_capture.elf) 69 KBytes program size (code + initialized data).
Info:                      65459 KBytes free for stack + heap.
Info: Creating signal_capture.objdump
nios2-elf-objdump --disassemble --syms --all-header --source signal_capture.elf >signal_capture.objdump
[signal_capture build complete]
03:50:19 **** Incremental Build of configuration Nios II for project signal_capture ****
make all 
Info: Building ../signal_capture_bsp/
C:/intelFPGA_lite/18.1/nios2eds/bin/gnu/H-x86_64-mingw32/bin/make --no-print-directory -C ../signal_capture_bsp/
[BSP build complete]
[signal_capture build complete]
