Info: Starting: Create block symbol file (.bsf)
Info: qsys-generate C:\Sandbox\FPGA\08_Kalman_FIlter\Qsys\kalman_interface.qsys --block-symbol-file --output-directory=C:\Sandbox\FPGA\08_Kalman_FIlter\Qsys\kalman_interface --family="MAX 10" --part=10M50DAF484C7G
Progress: Loading Qsys/kalman_interface.qsys
Progress: Reading input file
Progress: Adding DEBUG [altera_avalon_jtag_uart 18.1]
Progress: Parameterizing module DEBUG
Progress: Adding FLASH_MEM [altera_onchip_flash 18.1]
Progress: Parameterizing module FLASH_MEM
Progress: Adding FPU [altera_nios_custom_instr_floating_point 18.1]
Progress: Parameterizing module FPU
Progress: Adding KALMAN [kalman_filter 1.0]
Progress: Parameterizing module KALMAN
Progress: Adding NIOS [altera_nios2_gen2 18.1]
Progress: Parameterizing module NIOS
Progress: Adding SDRAM [altera_avalon_new_sdram_controller 18.1]
Progress: Parameterizing module SDRAM
Progress: Adding SDRAM_PLL [altpll 18.1]
Progress: Parameterizing module SDRAM_PLL
Progress: Adding SYS_ID [altera_avalon_sysid_qsys 18.1]
Progress: Parameterizing module SYS_ID
Progress: Adding clk_0 [clock_source 18.1]
Progress: Parameterizing module clk_0
Progress: Building connections
Progress: Parameterizing connections
Progress: Validating
Progress: Done reading input file
Info: kalman_interface.DEBUG: JTAG UART IP input clock need to be at least double (2x) the operating frequency of JTAG TCK on board
Info: kalman_interface.SDRAM: SDRAM Controller will only be supported in Quartus Prime Standard Edition in the future release.
Info: kalman_interface.SYS_ID: System ID is not assigned automatically. Edit the System ID parameter to provide a unique ID
Info: kalman_interface.SYS_ID: Time stamp will be automatically updated when this component is generated.
Warning: kalman_interface.SDRAM_PLL: SDRAM_PLL.pll_slave must be connected to an Avalon-MM master
Info: qsys-generate succeeded.
Info: Finished: Create block symbol file (.bsf)
Info: 
Info: Starting: Create HDL design files for synthesis
Info: qsys-generate C:\Sandbox\FPGA\08_Kalman_FIlter\Qsys\kalman_interface.qsys --synthesis=VERILOG --output-directory=C:\Sandbox\FPGA\08_Kalman_FIlter\Qsys\kalman_interface\synthesis --family="MAX 10" --part=10M50DAF484C7G
Progress: Loading Qsys/kalman_interface.qsys
Progress: Reading input file
Progress: Adding DEBUG [altera_avalon_jtag_uart 18.1]
Progress: Parameterizing module DEBUG
Progress: Adding FLASH_MEM [altera_onchip_flash 18.1]
Progress: Parameterizing module FLASH_MEM
Progress: Adding FPU [altera_nios_custom_instr_floating_point 18.1]
Progress: Parameterizing module FPU
Progress: Adding KALMAN [kalman_filter 1.0]
Progress: Parameterizing module KALMAN
Progress: Adding NIOS [altera_nios2_gen2 18.1]
Progress: Parameterizing module NIOS
Progress: Adding SDRAM [altera_avalon_new_sdram_controller 18.1]
Progress: Parameterizing module SDRAM
Progress: Adding SDRAM_PLL [altpll 18.1]
Progress: Parameterizing module SDRAM_PLL
Progress: Adding SYS_ID [altera_avalon_sysid_qsys 18.1]
Progress: Parameterizing module SYS_ID
Progress: Adding clk_0 [clock_source 18.1]
Progress: Parameterizing module clk_0
Progress: Building connections
Progress: Parameterizing connections
Progress: Validating
Progress: Done reading input file
Info: kalman_interface.DEBUG: JTAG UART IP input clock need to be at least double (2x) the operating frequency of JTAG TCK on board
Info: kalman_interface.SDRAM: SDRAM Controller will only be supported in Quartus Prime Standard Edition in the future release.
Info: kalman_interface.SYS_ID: System ID is not assigned automatically. Edit the System ID parameter to provide a unique ID
Info: kalman_interface.SYS_ID: Time stamp will be automatically updated when this component is generated.
Warning: kalman_interface.SDRAM_PLL: SDRAM_PLL.pll_slave must be connected to an Avalon-MM master
Info: kalman_interface: Generating kalman_interface "kalman_interface" for QUARTUS_SYNTH
Warning: kalman_interface: "No matching role found for NIOS_custom_instruction_master_translator:ci_slave:ci_slave_result (result)"
Warning: kalman_interface: "No matching role found for NIOS_custom_instruction_master_multi_xconnect:ci_slave:ci_slave_ipending (ipending)"
Warning: kalman_interface: "No matching role found for NIOS_custom_instruction_master_multi_xconnect:ci_slave:ci_slave_estatus (estatus)"
Info: DEBUG: Starting RTL generation for module 'kalman_interface_DEBUG'
Info: DEBUG:   Generation command is [exec C:/intelfpga_lite/18.1/quartus/bin64/perl/bin/perl.exe -I C:/intelfpga_lite/18.1/quartus/bin64/perl/lib -I C:/intelfpga_lite/18.1/quartus/sopc_builder/bin/europa -I C:/intelfpga_lite/18.1/quartus/sopc_builder/bin/perl_lib -I C:/intelfpga_lite/18.1/quartus/sopc_builder/bin -I C:/intelfpga_lite/18.1/quartus/../ip/altera/sopc_builder_ip/common -I C:/intelfpga_lite/18.1/quartus/../ip/altera/sopc_builder_ip/altera_avalon_jtag_uart -- C:/intelfpga_lite/18.1/quartus/../ip/altera/sopc_builder_ip/altera_avalon_jtag_uart/generate_rtl.pl --name=kalman_interface_DEBUG --dir=C:/Users/prate/AppData/Local/Temp/alt0593_8303657348358433292.dir/0003_DEBUG_gen/ --quartus_dir=C:/intelfpga_lite/18.1/quartus --verilog --config=C:/Users/prate/AppData/Local/Temp/alt0593_8303657348358433292.dir/0003_DEBUG_gen//kalman_interface_DEBUG_component_configuration.pl  --do_build_sim=0  ]
Info: DEBUG: Done RTL generation for module 'kalman_interface_DEBUG'
Info: DEBUG: "kalman_interface" instantiated altera_avalon_jtag_uart "DEBUG"
Info: FLASH_MEM: Generating top-level entity altera_onchip_flash
Info: FLASH_MEM: "kalman_interface" instantiated altera_onchip_flash "FLASH_MEM"
Info: FPU: "kalman_interface" instantiated altera_nios_custom_instr_floating_point "FPU"
Info: KALMAN: "kalman_interface" instantiated kalman_filter "KALMAN"
Info: NIOS: "kalman_interface" instantiated altera_nios2_gen2 "NIOS"
Info: SDRAM: Starting RTL generation for module 'kalman_interface_SDRAM'
Info: SDRAM:   Generation command is [exec C:/intelfpga_lite/18.1/quartus/bin64/perl/bin/perl.exe -I C:/intelfpga_lite/18.1/quartus/bin64/perl/lib -I C:/intelfpga_lite/18.1/quartus/sopc_builder/bin/europa -I C:/intelfpga_lite/18.1/quartus/sopc_builder/bin/perl_lib -I C:/intelfpga_lite/18.1/quartus/sopc_builder/bin -I C:/intelfpga_lite/18.1/quartus/../ip/altera/sopc_builder_ip/common -I C:/intelfpga_lite/18.1/quartus/../ip/altera/sopc_builder_ip/altera_avalon_new_sdram_controller -- C:/intelfpga_lite/18.1/quartus/../ip/altera/sopc_builder_ip/altera_avalon_new_sdram_controller/generate_rtl.pl --name=kalman_interface_SDRAM --dir=C:/Users/prate/AppData/Local/Temp/alt0593_8303657348358433292.dir/0006_SDRAM_gen/ --quartus_dir=C:/intelfpga_lite/18.1/quartus --verilog --config=C:/Users/prate/AppData/Local/Temp/alt0593_8303657348358433292.dir/0006_SDRAM_gen//kalman_interface_SDRAM_component_configuration.pl  --do_build_sim=0  ]
Info: SDRAM: Done RTL generation for module 'kalman_interface_SDRAM'
Info: SDRAM: "kalman_interface" instantiated altera_avalon_new_sdram_controller "SDRAM"
Info: SDRAM_PLL: "kalman_interface" instantiated altpll "SDRAM_PLL"
Info: SYS_ID: "kalman_interface" instantiated altera_avalon_sysid_qsys "SYS_ID"
Info: NIOS_custom_instruction_master_translator: "kalman_interface" instantiated altera_customins_master_translator "NIOS_custom_instruction_master_translator"
Info: NIOS_custom_instruction_master_multi_xconnect: "kalman_interface" instantiated altera_customins_xconnect "NIOS_custom_instruction_master_multi_xconnect"
Info: NIOS_custom_instruction_master_multi_slave_translator0: "kalman_interface" instantiated altera_customins_slave_translator "NIOS_custom_instruction_master_multi_slave_translator0"
Info: avalon_st_adapter: Inserting error_adapter: error_adapter_0
Info: avalon_st_adapter_001: Inserting error_adapter: error_adapter_0
Info: avalon_st_adapter_002: Inserting error_adapter: error_adapter_0
Info: avalon_st_adapter_003: Inserting error_adapter: error_adapter_0
Info: avalon_st_adapter_004: Inserting error_adapter: error_adapter_0
Info: avalon_st_adapter_005: Inserting error_adapter: error_adapter_0
Info: avalon_st_adapter_006: Inserting error_adapter: error_adapter_0
Info: mm_interconnect_0: "kalman_interface" instantiated altera_mm_interconnect "mm_interconnect_0"
Info: irq_mapper: "kalman_interface" instantiated altera_irq_mapper "irq_mapper"
Info: rst_controller: "kalman_interface" instantiated altera_reset_controller "rst_controller"
Info: cpu: Starting RTL generation for module 'kalman_interface_NIOS_cpu'
Info: cpu:   Generation command is [exec C:/intelFPGA_lite/18.1/quartus/bin64//eperlcmd.exe -I C:/intelFPGA_lite/18.1/quartus/bin64//perl/lib -I C:/intelfpga_lite/18.1/quartus/sopc_builder/bin/europa -I C:/intelfpga_lite/18.1/quartus/sopc_builder/bin/perl_lib -I C:/intelfpga_lite/18.1/quartus/sopc_builder/bin -I C:/intelfpga_lite/18.1/quartus/../ip/altera/nios2_ip/altera_nios2_gen2/cpu_lib -I C:/intelfpga_lite/18.1/quartus/../ip/altera/nios2_ip/altera_nios2_gen2/nios_lib -I C:/intelfpga_lite/18.1/quartus/../ip/altera/nios2_ip/altera_nios2_gen2 -I C:/intelfpga_lite/18.1/quartus/../ip/altera/nios2_ip/altera_nios2_gen2 -- C:/intelfpga_lite/18.1/quartus/../ip/altera/nios2_ip/altera_nios2_gen2/generate_rtl.epl --name=kalman_interface_NIOS_cpu --dir=C:/Users/prate/AppData/Local/Temp/alt0593_8303657348358433292.dir/0015_cpu_gen/ --quartus_bindir=C:/intelFPGA_lite/18.1/quartus/bin64/ --verilog --config=C:/Users/prate/AppData/Local/Temp/alt0593_8303657348358433292.dir/0015_cpu_gen//kalman_interface_NIOS_cpu_processor_configuration.pl  --do_build_sim=0  ]
Info: cpu: # 2026.05.21 00:52:34 (*) Starting Nios II generation
Info: cpu: # 2026.05.21 00:52:34 (*)   Checking for plaintext license.
Info: cpu: # 2026.05.21 00:52:34 (*)   Couldn't query license setup in Quartus directory C:/intelFPGA_lite/18.1/quartus/bin64/
Info: cpu: # 2026.05.21 00:52:34 (*)   Defaulting to contents of LM_LICENSE_FILE environment variable
Info: cpu: # 2026.05.21 00:52:34 (*)   LM_LICENSE_FILE environment variable is empty
Info: cpu: # 2026.05.21 00:52:34 (*)   Plaintext license not found.
Info: cpu: # 2026.05.21 00:52:34 (*)   Checking for encrypted license (non-evaluation).
Info: cpu: # 2026.05.21 00:52:34 (*)   Couldn't query license setup in Quartus directory C:/intelFPGA_lite/18.1/quartus/bin64/
Info: cpu: # 2026.05.21 00:52:34 (*)   Defaulting to contents of LM_LICENSE_FILE environment variable
Info: cpu: # 2026.05.21 00:52:34 (*)   LM_LICENSE_FILE environment variable is empty
Info: cpu: # 2026.05.21 00:52:34 (*)   Encrypted license not found.  Defaulting to OCP evaluation license (produces a time-limited SOF)
Info: cpu: # 2026.05.21 00:52:34 (*)   Elaborating CPU configuration settings
Info: cpu: # 2026.05.21 00:52:34 (*)   Creating all objects for CPU
Info: cpu: # 2026.05.21 00:52:34 (*)     Testbench
Info: cpu: # 2026.05.21 00:52:34 (*)     Instruction decoding
Info: cpu: # 2026.05.21 00:52:34 (*)       Instruction fields
Info: cpu: # 2026.05.21 00:52:34 (*)       Instruction decodes
Info: cpu: # 2026.05.21 00:52:35 (*)       Signals for RTL simulation waveforms
Info: cpu: # 2026.05.21 00:52:35 (*)       Instruction controls
Info: cpu: # 2026.05.21 00:52:35 (*)     Pipeline frontend
Info: cpu: # 2026.05.21 00:52:35 (*)     Pipeline backend
Info: cpu: # 2026.05.21 00:52:36 (*)   Generating RTL from CPU objects
Info: cpu: # 2026.05.21 00:52:36 (*)   Creating encrypted RTL
Info: cpu: # 2026.05.21 00:52:37 (*) Done Nios II generation
Info: cpu: Done RTL generation for module 'kalman_interface_NIOS_cpu'
Info: cpu: "NIOS" instantiated altera_nios2_gen2_unit "cpu"
Info: NIOS_data_master_translator: "mm_interconnect_0" instantiated altera_merlin_master_translator "NIOS_data_master_translator"
Info: DEBUG_avalon_jtag_slave_translator: "mm_interconnect_0" instantiated altera_merlin_slave_translator "DEBUG_avalon_jtag_slave_translator"
Info: NIOS_data_master_agent: "mm_interconnect_0" instantiated altera_merlin_master_agent "NIOS_data_master_agent"
Info: DEBUG_avalon_jtag_slave_agent: "mm_interconnect_0" instantiated altera_merlin_slave_agent "DEBUG_avalon_jtag_slave_agent"
Info: DEBUG_avalon_jtag_slave_agent_rsp_fifo: "mm_interconnect_0" instantiated altera_avalon_sc_fifo "DEBUG_avalon_jtag_slave_agent_rsp_fifo"
Info: router: "mm_interconnect_0" instantiated altera_merlin_router "router"
Info: router_001: "mm_interconnect_0" instantiated altera_merlin_router "router_001"
Info: router_002: "mm_interconnect_0" instantiated altera_merlin_router "router_002"
Info: router_006: "mm_interconnect_0" instantiated altera_merlin_router "router_006"
Info: router_008: "mm_interconnect_0" instantiated altera_merlin_router "router_008"
Info: NIOS_data_master_limiter: "mm_interconnect_0" instantiated altera_merlin_traffic_limiter "NIOS_data_master_limiter"
Info: Reusing file C:/Sandbox/FPGA/08_Kalman_FIlter/Qsys/kalman_interface/synthesis/submodules/altera_avalon_sc_fifo.v
Info: SDRAM_s1_burst_adapter: "mm_interconnect_0" instantiated altera_merlin_burst_adapter "SDRAM_s1_burst_adapter"
Info: Reusing file C:/Sandbox/FPGA/08_Kalman_FIlter/Qsys/kalman_interface/synthesis/submodules/altera_avalon_st_pipeline_base.v
Info: cmd_demux: "mm_interconnect_0" instantiated altera_merlin_demultiplexer "cmd_demux"
Info: cmd_demux_001: "mm_interconnect_0" instantiated altera_merlin_demultiplexer "cmd_demux_001"
Info: cmd_mux: "mm_interconnect_0" instantiated altera_merlin_multiplexer "cmd_mux"
Info: cmd_mux_004: "mm_interconnect_0" instantiated altera_merlin_multiplexer "cmd_mux_004"
Info: Reusing file C:/Sandbox/FPGA/08_Kalman_FIlter/Qsys/kalman_interface/synthesis/submodules/altera_merlin_arbitrator.sv
Info: rsp_demux: "mm_interconnect_0" instantiated altera_merlin_demultiplexer "rsp_demux"
Info: rsp_demux_004: "mm_interconnect_0" instantiated altera_merlin_demultiplexer "rsp_demux_004"
Info: rsp_mux: "mm_interconnect_0" instantiated altera_merlin_multiplexer "rsp_mux"
Info: Reusing file C:/Sandbox/FPGA/08_Kalman_FIlter/Qsys/kalman_interface/synthesis/submodules/altera_merlin_arbitrator.sv
Info: rsp_mux_001: "mm_interconnect_0" instantiated altera_merlin_multiplexer "rsp_mux_001"
Info: Reusing file C:/Sandbox/FPGA/08_Kalman_FIlter/Qsys/kalman_interface/synthesis/submodules/altera_merlin_arbitrator.sv
Info: SDRAM_s1_rsp_width_adapter: "mm_interconnect_0" instantiated altera_merlin_width_adapter "SDRAM_s1_rsp_width_adapter"
Info: Reusing file C:/Sandbox/FPGA/08_Kalman_FIlter/Qsys/kalman_interface/synthesis/submodules/altera_merlin_address_alignment.sv
Info: Reusing file C:/Sandbox/FPGA/08_Kalman_FIlter/Qsys/kalman_interface/synthesis/submodules/altera_merlin_burst_uncompressor.sv
Info: avalon_st_adapter: "mm_interconnect_0" instantiated altera_avalon_st_adapter "avalon_st_adapter"
Info: avalon_st_adapter_006: "mm_interconnect_0" instantiated altera_avalon_st_adapter "avalon_st_adapter_006"
Info: error_adapter_0: "avalon_st_adapter" instantiated error_adapter "error_adapter_0"
Info: error_adapter_0: "avalon_st_adapter_006" instantiated error_adapter "error_adapter_0"
Info: kalman_interface: Done "kalman_interface" with 41 modules, 84 files
Info: qsys-generate succeeded.
Info: Finished: Create HDL design files for synthesis
